Component: ARM Compiler 5.06 update 6 (build 750) Tool: armlink [4d35ed]

==============================================================================

Section Cross References

    main.o(.text) refers to printfa.o(i.__0printf) for __2printf
    main.o(.text) refers to wm_demo_console_task.o(.text) for CreateDemoTask
    main.o(.text) refers to wm_socket_client_demo.o(.text) for Socket_Client_Demo
    startup_venus.o(RESET) refers to startup_venus.o(.bss) for __initial_sp
    startup_venus.o(RESET) refers to startup_venus.o(.text) for Reset_Handler
    startup_venus.o(RESET) refers to wm_rtos.o(.emb_text) for SVC_Handler
    startup_venus.o(RESET) refers to wm_rtos.o(.text) for OS_CPU_SysTickHandler
    startup_venus.o(RESET) refers to wm_driver.o(.text) for SDIO_RX_IRQHandler
    startup_venus.o(RESET) refers to tls_wl_core.o(.text) for tls_wl_mac_isr
    startup_venus.o(RESET) refers to wm_common.o(.text) for RSA_IRQHandler
    startup_venus.o(.text) refers to wm_driver.o(.text) for Uart0Init
    startup_venus.o(.text) refers to entry.o(.ARM.Collect$$$$00000000) for __main
    retarget.o(.text) refers to strlen.o(.text) for strlen
    retarget.o(.text) refers to retarget.o(.bss) for .bss
    wm_main.o(.text) refers to wm_driver.o(.text) for tls_sys_clk_get
    wm_main.o(.text) refers to misc.o(.text) for NVIC_PriorityGroupConfig
    wm_main.o(.text) refers to wm_common.o(.text) for tls_crypto_init
    wm_main.o(.text) refers to tls_wl_core.o(.text) for tls_wifi_mem_cfg
    wm_main.o(.text) refers to wpa_supplicant.o(.text) for wpa_supplicant_init
    wm_main.o(.text) refers to lwip2.0.3.o(.text) for tls_ethernet_init
    wm_main.o(.text) refers to tls_sys.o(.text) for tls_sys_init
    wm_main.o(.text) refers to wm_cmd.o(.text) for tls_hostif_init
    wm_main.o(.text) refers to wm_http_compile.o(.text) for http_client_task_init
    wm_main.o(.text) refers to main.o(.text) for UserMain
    wm_main.o(.text) refers to wm_rtos.o(.text) for tls_os_time_delay
    wm_main.o(.text) refers to wm_rtos.o(.constdata) for HZ
    wm_main.o(.text) refers to tls_wl_core.o(.bss) for tx_gain_group
    wm_main.o(.text) refers to wm_main.o(.data) for .data
    wm_main.o(.text) refers to wm_main.o(.bss) for .bss
    tls_sys.o(.text) refers to wm_common.o(.text) for mem_alloc_debug
    tls_sys.o(.text) refers to memmove.o(.text) for __aeabi_memcpy
    tls_sys.o(.text) refers to wm_wifi_api.o(.text) for tls_wifi_softap_create
    tls_sys.o(.text) refers to wm_rtos.o(.text) for tls_os_queue_receive
    tls_sys.o(.text) refers to lwip2.0.3.o(.text) for tls_netif2_set_up
    tls_sys.o(.text) refers to tls_sys.o(.data) for .data
    tls_sys.o(.text) refers to tls_sys.o(.bss) for .bss
    wm_driver.o(.text) refers to wm_rtos.o(.text) for tls_os_sem_release
    wm_driver.o(.text) refers to wm_driver.o(.constdata) for .constdata
    wm_driver.o(.text) refers to wm_driver.o(.bss) for .bss
    wm_driver.o(.text) refers to wm_common.o(.text) for mem_free_debug
    wm_driver.o(.text) refers to memmove.o(.text) for __aeabi_memcpy
    wm_driver.o(.text) refers to misc.o(.text) for NVIC_Configration
    wm_driver.o(.text) refers to memseta.o(.text) for __aeabi_memclr4
    wm_driver.o(.text) refers to printfa.o(i.__0printf) for __2printf
    wm_driver.o(.text) refers to wm_driver.o(.data) for .data
    wm_driver.o(.text) refers to memcmp.o(.text) for memcmp
    wm_driver.o(.data) refers to wm_driver.o(.text) for tls_spifls_drv_read
    wm_common.o(.text) refers to _scanf_int.o(.text) for _scanf_int
    wm_common.o(.text) refers to _scanf_str.o(.text) for _scanf_string
    wm_common.o(.text) refers to wm_driver.o(.text) for tls_fls_read
    wm_common.o(.text) refers to wm_rtos.o(.text) for tls_os_queue_receive
    wm_common.o(.text) refers to memmove.o(.text) for __aeabi_memcpy
    wm_common.o(.text) refers to wm_common.o(.data) for .data
    wm_common.o(.text) refers to wm_common.o(.bss) for .bss
    wm_common.o(.text) refers to wm_driver.o(.data) for flashtotalsize
    wm_common.o(.text) refers to wm_wifi_oneshot.o(.text) for tls_wifi_set_oneshot_flag
    wm_common.o(.text) refers to wm_wifi_api.o(.text) for tls_wifi_auto_connect_flag
    wm_common.o(.text) refers to printfa.o(i.__0printf) for __2printf
    wm_common.o(.text) refers to mallocr.o(i.__malloc$realloc) for malloc
    wm_common.o(.text) refers to mallocr.o(i.__free$realloc) for free
    wm_common.o(.text) refers to memseta.o(.text) for __aeabi_memclr4
    wm_common.o(.text) refers to rand.o(.text) for rand
    wm_common.o(.text) refers to strcpy.o(.text) for strcpy
    wm_common.o(.text) refers to strlen.o(.text) for strlen
    wm_common.o(.text) refers to strncpy.o(.text) for strncpy
    wm_common.o(.text) refers to wm_rtos.o(.constdata) for HZ
    wm_common.o(.text) refers to wm_common.o(.constdata) for .constdata
    wm_common.o(.text) refers to printfa.o(i.__0sprintf) for __2sprintf
    wm_common.o(.text) refers to atoi.o(.text) for atoi
[...]
    rc_get_rate_table                        0x08053bef   Thumb Code     4  tls_wl_rc.o(.text)
    ieee80211_rate_control_init              0x08053e79   Thumb Code   250  tls_wl_rc.o(.text)
    rate_control_send_low                    0x08053f73   Thumb Code   116  tls_wl_rc.o(.text)
    ieee80211_set_rate                       0x080543db   Thumb Code   162  tls_wl_rc.o(.text)
    tls_wl_rc_init                           0x0805447d   Thumb Code   132  tls_wl_rc.o(.text)
    tls_wl_rx_mem_init                       0x080545cd   Thumb Code    42  tls_wl_rx.o(.text)
    tls_wl_rx_init                           0x080545f7   Thumb Code   172  tls_wl_rx.o(.text)
    tls_wl_free_rxbuf                        0x080546a3   Thumb Code   100  tls_wl_rx.o(.text)
    ieee80211_rx_defragment                  0x08054707   Thumb Code   226  tls_wl_rx.o(.text)
    ieee80211_deliver_frame                  0x08054ad1   Thumb Code   300  tls_wl_rx.o(.text)
    tls_wl_rx_task                           0x0805541d   Thumb Code   610  tls_wl_rx.o(.text)
    alloc_scan_req                           0x08055985   Thumb Code   328  tls_wl_scan.o(.text)
    ieee80211_start_scan                     0x08055acd   Thumb Code    66  tls_wl_scan.o(.text)
    ieee80211_scan_completed                 0x08055b0f   Thumb Code    96  tls_wl_scan.o(.text)
    ieee80211_request_scan                   0x08055b6f   Thumb Code    62  tls_wl_scan.o(.text)
    tls_wl_scan_task                         0x08055bad   Thumb Code   228  tls_wl_scan.o(.text)
    sta_info_get                             0x08055c95   Thumb Code    76  tls_wl_sta_info.o(.text)
    sta_info_put                             0x08055cf5   Thumb Code     8  tls_wl_sta_info.o(.text)
    sta_info_add_with_mode                   0x08055cfd   Thumb Code   162  tls_wl_sta_info.o(.text)
    sta_info_free                            0x08055d9f   Thumb Code   208  tls_wl_sta_info.o(.text)
    sta_info_flush                           0x08055e6f   Thumb Code    62  tls_wl_sta_info.o(.text)
    sta_info_init                            0x08055ead   Thumb Code    30  tls_wl_sta_info.o(.text)
    kref_set                                 0x08055ed1   Thumb Code     4  tls_wl_util.o(.text)
    kref_init                                0x08055ed5   Thumb Code     6  tls_wl_util.o(.text)
    kref_get                                 0x08055edb   Thumb Code    22  tls_wl_util.o(.text)
    kref_put                                 0x08055ef1   Thumb Code    34  tls_wl_util.o(.text)
    ieee80211_sta_get_rates                  0x08055f13   Thumb Code    98  tls_wl_util.o(.text)
    ieee80211_get_bssid                      0x08055f75   Thumb Code   114  tls_wl_util.o(.text)
    ieee80211_channel_to_frequency           0x08055fe7   Thumb Code    32  tls_wl_util.o(.text)
    ieee80211_frequency_to_channel           0x08056007   Thumb Code    38  tls_wl_util.o(.text)
    ieee80211_get_channel                    0x0805602d   Thumb Code    48  tls_wl_util.o(.text)
    ieee802_11_parse_elems                   0x0805605d   Thumb Code   360  tls_wl_util.o(.text)
    ieee80211_set_freq                       0x080561c5   Thumb Code    64  tls_wl_util.o(.text)
    ieee80211_hdrlen                         0x08056205   Thumb Code    66  tls_wl_util.o(.text)
    ieee80211_ssid_txt                       0x08056247   Thumb Code    52  tls_wl_util.o(.text)
    ieee80211_beacon_get                     0x0805627b   Thumb Code    78  tls_wl_util.o(.text)
    ieee80211_get_tim_ie                     0x080562c9   Thumb Code    34  tls_wl_util.o(.text)
    ieee80211_get_ds_ie                      0x080562eb   Thumb Code    30  tls_wl_util.o(.text)
    ieee80211_get_vendor_ie                  0x08056309   Thumb Code    56  tls_wl_util.o(.text)
    IQ_mismatch_power_cal                    0x08056375   Thumb Code    68  tls_rf_tx_iq.o(.text)
    IQ_mismatch_correlation_method           0x080563b9   Thumb Code  1420  tls_rf_tx_iq.o(.text)
    IQ_mismatch_phase_adjust_fft             0x08056945   Thumb Code  1254  tls_rf_tx_iq.o(.text)
    IQ_Mismatch_method                       0x08056e2b   Thumb Code   262  tls_rf_tx_iq.o(.text)
    tx_iqmismatch                            0x08056f31   Thumb Code    22  tls_rf_tx_iq.o(.text)
    prepare_IQ_data                          0x08056f81   Thumb Code    98  tx_lo_cal.o(.text)
    prepare_IQ_data_fft                      0x08056fe3   Thumb Code    78  tx_lo_cal.o(.text)
    data_acquire_once                        0x08057031   Thumb Code    44  tx_lo_cal.o(.text)
    read_IQ_data                             0x0805705d   Thumb Code   130  tx_lo_cal.o(.text)
    rf_data_sample_fft_cal                   0x080570df   Thumb Code    40  tx_lo_cal.o(.text)
    rf_data_sample_fft_cal_t                 0x08057107   Thumb Code    40  tx_lo_cal.o(.text)
    rf_data_sample_correlation_cal           0x0805712f   Thumb Code   304  tx_lo_cal.o(.text)
    LO_Leakage_correlation                   0x0805725f   Thumb Code  1762  tx_lo_cal.o(.text)
    LO_leakage_fft                           0x08057941   Thumb Code  1538  tx_lo_cal.o(.text)
    LO_leakage_func_method                   0x08057f43   Thumb Code   352  tx_lo_cal.o(.text)
    rf_loleakage_cal                         0x080580a3   Thumb Code    32  tx_lo_cal.o(.text)
    aes_unwrap                               0x080580d9   Thumb Code   186  aes_unwrap.o(.text)
    mlme_deletekeys_request                  0x08058193   Thumb Code    12  ap_mlme.o(.text)
    mlme_authenticate_indication             0x0805819f   Thumb Code    16  ap_mlme.o(.text)
    mlme_deauthenticate_indication           0x080581af   Thumb Code     2  ap_mlme.o(.text)
    mlme_associate_indication                0x080581b1   Thumb Code    10  ap_mlme.o(.text)
    mlme_reassociate_indication              0x080581bb   Thumb Code    10  ap_mlme.o(.text)
    mlme_disassociate_indication             0x080581c5   Thumb Code     2  ap_mlme.o(.text)
    mlme_michaelmicfailure_indication        0x080581c7   Thumb Code     2  ap_mlme.o(.text)
    hostapd_eid_wmm                          0x08058203   Thumb Code   158  beacon.o(.text)
    hostapd_eid_wmm_valid                    0x080582a1   Thumb Code    18  beacon.o(.text)
    handle_probe_req                         0x080582dd   Thumb Code   344  beacon.o(.text)
    ieee802_11_set_beacon                    0x08058435   Thumb Code   586  beacon.o(.text)
    wpa_ssid_txt                             0x08058691   Thumb Code    52  common.o(.text)
    hex2byte                                 0x080586c5   Thumb Code    42  common.o(.text)
    hexstr2bin                               0x080586ef   Thumb Code    48  common.o(.text)
    inc_byte_array                           0x0805871f   Thumb Code    22  common.o(.text)
    wpa_get_ntp_timestamp                    0x08058735   Thumb Code    48  common.o(.text)
    wpa_auth_for_each_sta                    0x080587f1   Thumb Code    36  wpa_auth.o(.text)
    wpa_auth_logger                          0x08058815   Thumb Code     2  wpa_auth.o(.text)
    __wpa_send_eapol                         0x08058883   Thumb Code   714  wpa_auth.o(.text)
    wpa_remove_ptk                           0x08059323   Thumb Code    58  wpa_auth.o(.text)
    wpa_init                                 0x08059755   Thumb Code   170  wpa_auth.o(.text)
    wpa_init_keys                            0x080597ff   Thumb Code    28  wpa_auth.o(.text)
    wpa_deinit                               0x0805981b   Thumb Code    56  wpa_auth.o(.text)
    wpa_reconfig                             0x08059853   Thumb Code    70  wpa_auth.o(.text)
    wpa_auth_sta_init                        0x08059899   Thumb Code    46  wpa_auth.o(.text)
    wpa_auth_sta_associated                  0x080598c7   Thumb Code    88  wpa_auth.o(.text)
    wpa_auth_sta_no_wpa                      0x0805991f   Thumb Code    12  wpa_auth.o(.text)
    wpa_auth_sta_deinit                      0x0805992b   Thumb Code   104  wpa_auth.o(.text)
    wpa_receive                              0x08059993   Thumb Code   698  wpa_auth.o(.text)
    wpa_auth_sm_event                        0x08059c4d   Thumb Code   128  wpa_auth.o(.text)
    wpa_gtk_rekey                            0x08059ccd   Thumb Code    42  wpa_auth.o(.text)
    wpa_auth_countermeasures_start           0x08059cf7   Thumb Code    12  wpa_auth.o(.text)
    wpa_auth_pairwise_set                    0x08059d03   Thumb Code    16  wpa_auth.o(.text)
    wpa_auth_get_pairwise                    0x08059d13   Thumb Code     6  wpa_auth.o(.text)
    wpa_auth_sta_key_mgmt                    0x08059d19   Thumb Code    14  wpa_auth.o(.text)
    wpa_auth_sta_wpa_version                 0x08059d27   Thumb Code    10  wpa_auth.o(.text)
    wpa_auth_sta_clear_pmksa                 0x08059d31   Thumb Code    26  wpa_auth.o(.text)
    wpa_auth_sta_get_pmksa                   0x08059d4b   Thumb Code    10  wpa_auth.o(.text)
    wpa_auth_sta_local_mic_failure_report    0x08059d55   Thumb Code    16  wpa_auth.o(.text)
    wpa_auth_get_wpa_ie                      0x08059d65   Thumb Code    14  wpa_auth.o(.text)
    hostapd_deinit_wpa                       0x08059e91   Thumb Code    30  wpa_auth_glue.o(.text)
    hostapd_setup_wpa                        0x08059eaf   Thumb Code    98  wpa_auth_glue.o(.text)
    wpa_write_rsn_ie                         0x0805a039   Thumb Code   362  wpa_auth_ie.o(.text)
    wpa_auth_gen_wpa_ie                      0x0805a1a3   Thumb Code   110  wpa_auth_ie.o(.text)
    wpa_add_kde                              0x0805a211   Thumb Code    72  wpa_auth_ie.o(.text)
    wpa_validate_wpa_ie                      0x0805a259   Thumb Code   536  wpa_auth_ie.o(.text)
    wpa_parse_kde_ies                        0x0805a471   Thumb Code   114  wpa_auth_ie.o(.text)
    wpa_auth_uses_mfp                        0x0805a4e3   Thumb Code    14  wpa_auth_ie.o(.text)
    wpa_eapol_key_mic                        0x0805a59d   Thumb Code    62  wpa_common.o(.text)
    rsn_pmkid                                0x0805a5db   Thumb Code    54  wpa_common.o(.text)
    wpa_pmk_to_ptk                           0x0805a611   Thumb Code   154  wpa_common.o(.text)
    wpa_cipher_txt                           0x0805a6ab   Thumb Code    56  wpa_common.o(.text)
    wpa_compare_rsn_ie                       0x0805a6e3   Thumb Code    32  wpa_common.o(.text)
    wpa_parse_wpa_ie_rsn                     0x0805a76d   Thumb Code   334  wpa_common.o(.text)
    wpa_parse_wpa_ie_wpa                     0x0805a925   Thumb Code   422  wpa_common.o(.text)
    hex2digit                                0x0805aacb   Thumb Code    42  wpa_common.o(.text)
    hostapd_drv_sta_remove                   0x0805aaf9   Thumb Code     8  hostapd_wpa_driver.o(.text)
    hostapd_set_sta_flags                    0x0805ab01   Thumb Code     4  hostapd_wpa_driver.o(.text)
    hostapd_sta_flags_to_drv                 0x0805ab05   Thumb Code    36  hostapd_wpa_driver.o(.text)
    hostapd_drv_sta_add                      0x0805ab29   Thumb Code    76  hostapd_wpa_driver.o(.text)
    hostapd_drv_send_mlme                    0x0805ab75   Thumb Code     8  hostapd_wpa_driver.o(.text)
    hostapd_drv_set_ap                       0x0805ab7d   Thumb Code   194  hostapd_wpa_driver.o(.text)
    hostapd_drv_sta_set_flags                0x0805ac3f   Thumb Code     4  hostapd_wpa_driver.o(.text)
    hostapd_drv_set_key                      0x0805ac43   Thumb Code    38  hostapd_wpa_driver.o(.text)
    hostapd_get_seqnum                       0x0805ac69   Thumb Code     4  hostapd_wpa_driver.o(.text)
    hostapd_drv_set_countermeasures          0x0805ac6d   Thumb Code     4  hostapd_wpa_driver.o(.text)
    hostapd_drv_hapd_send_eapol              0x0805ac71   Thumb Code    24  hostapd_wpa_driver.o(.text)
    hostapd_set_freq                         0x0805ac89   Thumb Code    34  hostapd_wpa_driver.o(.text)
    hostapd_sta_set_flags                    0x0805acab   Thumb Code     4  hostapd_wpa_driver.o(.text)
    hostapd_drv_get_inact_sec                0x0805acaf   Thumb Code     8  hostapd_wpa_driver.o(.text)
    hostapd_set_authorized                   0x0805acb7   Thumb Code    14  hostapd_wpa_driver.o(.text)
    hostapd_drv_sta_flush                    0x0805acc5   Thumb Code    10  hostapd_wpa_driver.o(.text)
    hostapd_drv_sta_deauth                   0x0805accf   Thumb Code    22  hostapd_wpa_driver.o(.text)
    hostapd_drv_sta_disassoc                 0x0805ace5   Thumb Code    22  hostapd_wpa_driver.o(.text)
    hostapd_if_add                           0x0805acfb   Thumb Code     4  hostapd_wpa_driver.o(.text)
    hostapd_set_tx_queue_params              0x0805acff   Thumb Code    22  hostapd_wpa_driver.o(.text)
    fftr2_dit_new                            0x0805ad3d   Thumb Code   190  tls_rf_fft.o(.text)
    ReverseBits                              0x0805adfb   Thumb Code    30  tls_rf_fft.o(.text)
    NumberOfBitsNeeded                       0x0805ae19   Thumb Code    20  tls_rf_fft.o(.text)
    bit_rev                                  0x0805ae2d   Thumb Code    86  tls_rf_fft.o(.text)
    fft                                      0x0805ae83   Thumb Code    20  tls_rf_fft.o(.text)
    aes_wrap                                 0x0805aea5   Thumb Code   168  aes_wrap.o(.text)
    __aeabi_uldivmod                         0x0805af4d   Thumb Code    98  uldiv.o(.text)
    __aeabi_ldivmod                          0x0805afaf   Thumb Code    98  ldiv.o(.text)
    __rt_ctype_table                         0x0805b011   Thumb Code     4  ctype_o.o(.text)
    isspace                                  0x0805b019   Thumb Code    18  isspace_o.o(.text)
    toupper                                  0x0805b02b   Thumb Code    12  toupper.o(.text)
    tolower                                  0x0805b037   Thumb Code    12  tolower.o(.text)
    rand                                     0x0805b045   Thumb Code    20  rand.o(.text)
    srand                                    0x0805b059   Thumb Code     6  rand.o(.text)
    ____aeabi_memcpy8$ret$move               0x0805b069   Thumb Code     0  memmove.o(.text)
    ___aeabi_memmove4$ret                    0x0805b069   Thumb Code     0  memmove.o(.text)
    ___aeabi_memmove8$ret                    0x0805b069   Thumb Code     0  memmove.o(.text)
    __aeabi_memcpy                           0x0805b069   Thumb Code    66  memmove.o(.text)
    __aeabi_memcpy4                          0x0805b069   Thumb Code     0  memmove.o(.text)
    __aeabi_memmove                          0x0805b069   Thumb Code     0  memmove.o(.text)
    memcpy                                   0x0805b069   Thumb Code     0  memmove.o(.text)
    memmove                                  0x0805b069   Thumb Code     0  memmove.o(.text)
    __aeabi_memset                           0x0805b0ab   Thumb Code    14  memseta.o(.text)
    __aeabi_memset4                          0x0805b0ab   Thumb Code     0  memseta.o(.text)
    __aeabi_memset8                          0x0805b0ab   Thumb Code     0  memseta.o(.text)
    __aeabi_memclr                           0x0805b0b9   Thumb Code     4  memseta.o(.text)
    __aeabi_memclr4                          0x0805b0b9   Thumb Code     0  memseta.o(.text)
    __aeabi_memclr8                          0x0805b0b9   Thumb Code     0  memseta.o(.text)
    memset                                   0x0805b0bd   Thumb Code    18  memseta.o(.text)
    strcat                                   0x0805b0cf   Thumb Code    24  strcat.o(.text)
    strstr                                   0x0805b0e7   Thumb Code    36  strstr.o(.text)
    strncpy                                  0x0805b10b   Thumb Code    24  strncpy.o(.text)
    strchr                                   0x0805b123   Thumb Code    20  strchr.o(.text)
    strlen                                   0x0805b137   Thumb Code    14  strlen.o(.text)
    strcmp                                   0x0805b145   Thumb Code    28  strcmp.o(.text)
    memchr                                   0x0805b161   Thumb Code    20  memchr.o(.text)
    memcmp                                   0x0805b175   Thumb Code    26  memcmp.o(.text)
    strcpy                                   0x0805b18f   Thumb Code    18  strcpy.o(.text)
    strncmp                                  0x0805b1a1   Thumb Code    30  strncmp.o(.text)
    strcasecmp                               0x0805b1bf   Thumb Code    42  strcasecmp.o(.text)
    __0sscanf                                0x0805b1e9   Thumb Code    48  __0sscanf.o(.text)
    _scanf_int                               0x0805b221   Thumb Code   332  _scanf_int.o(.text)
    _scanf_string                            0x0805b36d   Thumb Code   224  _scanf_str.o(.text)
    atoi                                     0x0805b44d   Thumb Code    26  atoi.o(.text)
    atol                                     0x0805b467   Thumb Code    26  atol.o(.text)
    __aeabi_dadd                             0x0805b481   Thumb Code   322  dadd.o(.text)
    __aeabi_dsub                             0x0805b5c3   Thumb Code     6  dadd.o(.text)
    __aeabi_drsub                            0x0805b5c9   Thumb Code     6  dadd.o(.text)
    __aeabi_dmul                             0x0805b5cf   Thumb Code   228  dmul.o(.text)
    __aeabi_ddiv                             0x0805b6b3   Thumb Code   222  ddiv.o(.text)
    __ARM_scalbn                             0x0805b791   Thumb Code    46  dscalb.o(.text)
    scalbn                                   0x0805b791   Thumb Code     0  dscalb.o(.text)
    __aeabi_i2d                              0x0805b7bf   Thumb Code    34  dflti.o(.text)
    __aeabi_ui2d                             0x0805b7e1   Thumb Code    26  dfltui.o(.text)
    __aeabi_d2iz                             0x0805b7fb   Thumb Code    62  dfixi.o(.text)
    __aeabi_d2ulz                            0x0805b839   Thumb Code    48  dfixul.o(.text)
    __aeabi_cdrcmple                         0x0805b869   Thumb Code    48  cdrcmple.o(.text)
    __aeabi_uidiv                            0x0805b899   Thumb Code     0  uidiv.o(.text)
    __aeabi_uidivmod                         0x0805b899   Thumb Code    44  uidiv.o(.text)
    __aeabi_llsl                             0x0805b8c5   Thumb Code    30  llshl.o(.text)
    _ll_shift_l                              0x0805b8c5   Thumb Code     0  llshl.o(.text)
    __aeabi_llsr                             0x0805b8e3   Thumb Code    32  llushr.o(.text)
    _ll_ushift_r                             0x0805b8e3   Thumb Code     0  llushr.o(.text)
    __aeabi_lasr                             0x0805b903   Thumb Code    36  llsshr.o(.text)
    _ll_sshift_r                             0x0805b903   Thumb Code     0  llsshr.o(.text)
    _chval                                   0x0805b927   Thumb Code    28  _chval.o(.text)
    __vfscanf_char                           0x0805b951   Thumb Code    20  scanf_char.o(.text)
    _sgetc                                   0x0805b96d   Thumb Code    30  _sgetc.o(.text)
    _sbackspace                              0x0805b98b   Thumb Code    34  _sgetc.o(.text)
    strtol                                   0x0805b9ad   Thumb Code   112  strtol.o(.text)
    __I$use$fp                               0x0805ba1d   Thumb Code     0  iusefp.o(.text)
    _double_round                            0x0805ba1d   Thumb Code    30  depilogue.o(.text)
    _double_epilogue                         0x0805ba3b   Thumb Code   156  depilogue.o(.text)
    __scatterload                            0x0805bad9   Thumb Code    28  init.o(.text)
    __scatterload_rt2                        0x0805bad9   Thumb Code     0  init.o(.text)
    __vfscanf                                0x0805bafd   Thumb Code   808  _scanf.o(.text)
    _strtoul                                 0x0805be29   Thumb Code   158  _strtoul.o(.text)
    __decompress                             0x0805bec7   Thumb Code     0  __dczerorl2.o(.text)
    __decompress1                            0x0805bec7   Thumb Code    86  __dczerorl2.o(.text)
    __0printf                                0x0805bf1d   Thumb Code    22  printfa.o(i.__0printf)
    __1printf                                0x0805bf1d   Thumb Code     0  printfa.o(i.__0printf)
    __2printf                                0x0805bf1d   Thumb Code     0  printfa.o(i.__0printf)
    __c89printf                              0x0805bf1d   Thumb Code     0  printfa.o(i.__0printf)
    printf                                   0x0805bf1d   Thumb Code     0  printfa.o(i.__0printf)
    __0snprintf                              0x0805bf3d   Thumb Code    44  printfa.o(i.__0snprintf)
    __1snprintf                              0x0805bf3d   Thumb Code     0  printfa.o(i.__0snprintf)
    __2snprintf                              0x0805bf3d   Thumb Code     0  printfa.o(i.__0snprintf)
    __c89snprintf                            0x0805bf3d   Thumb Code     0  printfa.o(i.__0snprintf)
    snprintf                                 0x0805bf3d   Thumb Code     0  printfa.o(i.__0snprintf)
    __0sprintf                               0x0805bf6d   Thumb Code    34  printfa.o(i.__0sprintf)
    __1sprintf                               0x0805bf6d   Thumb Code     0  printfa.o(i.__0sprintf)
    __2sprintf                               0x0805bf6d   Thumb Code     0  printfa.o(i.__0sprintf)
    __c89sprintf                             0x0805bf6d   Thumb Code     0  printfa.o(i.__0sprintf)
    sprintf                                  0x0805bf6d   Thumb Code     0  printfa.o(i.__0sprintf)
    __aeabi_errno_addr                       0x0805bf95   Thumb Code     4  errno.o(i.__aeabi_errno_addr)
    __rt_errno_addr                          0x0805bf95   Thumb Code     0  errno.o(i.__aeabi_errno_addr)
    free                                     0x0805bf9d   Thumb Code    88  mallocr.o(i.__free$realloc)
    malloc                                   0x0805bff9   Thumb Code    64  mallocr.o(i.__malloc$realloc)
    __scatterload_copy                       0x0805c049   Thumb Code    14  handlers.o(i.__scatterload_copy)
    __scatterload_null                       0x0805c057   Thumb Code     2  handlers.o(i.__scatterload_null)
    __scatterload_zeroinit                   0x0805c059   Thumb Code    14  handlers.o(i.__scatterload_zeroinit)
    realloc                                  0x0805c98d   Thumb Code   102  mallocr.o(i.realloc)
    FirmWareVer                              0x0805c9f8   Data           4  wm_main.o(.constdata)
    HwVer                                    0x0805c9fc   Data           6  wm_main.o(.constdata)
    baud_rates                               0x0805ca04   Data          68  wm_driver.o(.constdata)
    lsd_dst_addr                             0x0805d530   Data           3  wm_oneshot_lsd.o(.constdata)
    lsd_crc_table                            0x0805d533   Data         256  wm_oneshot_lsd.o(.constdata)
    SysCreatedDate                           0x0805d633   Data          12  wm_cmd.o(.constdata)
    SysCreatedTime                           0x0805d63f   Data           9  wm_cmd.o(.constdata)
    HZ                                       0x0805d648   Data           4  wm_rtos.o(.constdata)
    memp_RAW_PCB                             0x0805d660   Data           2  lwip2.0.3.o(.constdata)
    memp_UDP_PCB                             0x0805d662   Data           2  lwip2.0.3.o(.constdata)
    memp_TCP_PCB                             0x0805d664   Data           2  lwip2.0.3.o(.constdata)
    memp_TCP_PCB_LISTEN                      0x0805d666   Data           2  lwip2.0.3.o(.constdata)
    memp_TCP_SEG                             0x0805d668   Data           2  lwip2.0.3.o(.constdata)
    memp_REASSDATA                           0x0805d66a   Data           2  lwip2.0.3.o(.constdata)
    memp_FRAG_PBUF                           0x0805d66c   Data           2  lwip2.0.3.o(.constdata)
    memp_NETBUF                              0x0805d66e   Data           2  lwip2.0.3.o(.constdata)
    memp_NETCONN                             0x0805d670   Data           2  lwip2.0.3.o(.constdata)
    memp_TCPIP_MSG_API                       0x0805d672   Data           2  lwip2.0.3.o(.constdata)
    memp_TCPIP_MSG_INPKT                     0x0805d674   Data           2  lwip2.0.3.o(.constdata)
    memp_IGMP_GROUP                          0x0805d676   Data           2  lwip2.0.3.o(.constdata)
    memp_SYS_TIMEOUT                         0x0805d678   Data           2  lwip2.0.3.o(.constdata)
    memp_NETDB                               0x0805d67a   Data           2  lwip2.0.3.o(.constdata)
    memp_PBUF                                0x0805d67c   Data           2  lwip2.0.3.o(.constdata)
    memp_PBUF_POOL                           0x0805d67e   Data           2  lwip2.0.3.o(.constdata)
    ip_addr_any                              0x0805d680   Data           4  lwip2.0.3.o(.constdata)
    ip_addr_broadcast                        0x0805d684   Data           4  lwip2.0.3.o(.constdata)
    ethbroadcast                             0x0805d688   Data           6  lwip2.0.3.o(.constdata)
    ethzero                                  0x0805d68e   Data           6  lwip2.0.3.o(.constdata)
    memp_pools                               0x0805d6a4   Data          64  lwip2.0.3.o(.constdata)
    tcp_pcb_lists                            0x0805d720   Data          16  lwip2.0.3.o(.constdata)
    lwip_cyclic_timers                       0x0805d730   Data          56  lwip2.0.3.o(.constdata)
    file_404_html                            0x0805f3f4   Data          16  fs.o(.constdata)
    file_hedbasic_html                       0x0805f404   Data          16  fs.o(.constdata)
    file_hedfirmware_html                    0x0805f414   Data          16  fs.o(.constdata)
    file_index_html                          0x0805f424   Data          16  fs.o(.constdata)
    file_jump_html                           0x0805f434   Data          16  fs.o(.constdata)
    file_style_css                           0x0805f444   Data          16  fs.o(.constdata)
    g_psDefaultFilenames                     0x0805f454   Data          16  httpd.o(.constdata)
    web_id_tbl                               0x0805f474   Data         528  web.o(.constdata)
    hed_rf_txgainmap                         0x08060a90   Data          64  tls_wl_rf.o(.constdata)
    central_freq                             0x08060ad0   Data         120  tls_wl_rf.o(.constdata)
    bbp_value                                0x08060c60   Data          80  tls_wl_phy.o(.constdata)
    __ctype_table                            0x080614b6   Data         129  ctype_o.o(.constdata)
    Region$$Table$$Base                      0x08062204   Number         0  anon$$obj.o(Region$$Table)
    Region$$Table$$Limit                     0x08062224   Number         0  anon$$obj.o(Region$$Table)
    __stdout                                 0x20000000   Data           4  retarget.o(.data)
    libc_sem                                 0x20000004   Data           4  wm_main.o(.data)
    adc_irq_flag                             0x2000000d   Data           1  wm_driver.o(.data)
    tst_flag                                 0x2000000e   Data           1  wm_driver.o(.data)
    intr_counter                             0x2000000f   Data           1  wm_driver.o(.data)
    flashtotalsize                           0x20000024   Data           4  wm_driver.o(.data)
    crypto_complete                          0x200000c9   Data           1  wm_common.o(.data)
    memory_manager_initialized               0x200000ca   Data           1  wm_common.o(.data)
    updp_mode                                0x200000cb   Data           1  wm_common.o(.data)
    CODE_RUN_AREA_LEN                        0x200000d8   Data           4  wm_common.o(.data)
    USER_ADDR_START                          0x200000dc   Data           4  wm_common.o(.data)
    TLS_FLASH_PARAM_DEFAULT                  0x200000e0   Data           4  wm_common.o(.data)
    USER_AREA_LEN                            0x200000e4   Data           4  wm_common.o(.data)
    USER_ADDR_END                            0x200000e8   Data           4  wm_common.o(.data)
    CODE_UPD_HEADER_ADDR                     0x200000ec   Data           4  wm_common.o(.data)
    TLS_FLASH_PARAM1_ADDR                    0x200000f0   Data           4  wm_common.o(.data)
    TLS_FLASH_PARAM2_ADDR                    0x200000f4   Data           4  wm_common.o(.data)
    TLS_FLASH_PARAM_RESTORE_ADDR             0x200000f8   Data           4  wm_common.o(.data)
    CODE_UPD_START_ADDR                      0x200000fc   Data           4  wm_common.o(.data)
    CODE_UPD_AREA_LEN                        0x20000100   Data           4  wm_common.o(.data)
    EX_USER_ADDR_START                       0x20000104   Data           4  wm_common.o(.data)
    EX_USER_AREA_LEN                         0x20000108   Data           4  wm_common.o(.data)
    EX_USER_ADDR_END                         0x2000010c   Data           4  wm_common.o(.data)
    TLS_FLASH_END_ADDR                       0x20000110   Data           4  wm_common.o(.data)
    mem_sem                                  0x20000118   Data           4  wm_common.o(.data)
    console_tbl                              0x20000150   Data         128  wm_demo_console_task.o(.data)
    demo_sock_c                              0x200001d0   Data           4  wm_socket_client_demo.o(.data)
    demo_sockc_q                             0x200001d4   Data           4  wm_socket_client_demo.o(.data)
    demo_sockc_uart                          0x200001d8   Data           8  wm_socket_client_demo.o(.data)
    guconeshotflag                           0x200001e0   Data           1  wm_wifi_oneshot.o(.data)
    gucssidokflag                            0x200001e1   Data           1  wm_wifi_oneshot.o(.data)
    gucbssidokflag                           0x200001e2   Data           1  wm_wifi_oneshot.o(.data)
    gucpwdokflag                             0x200001e3   Data           1  wm_wifi_oneshot.o(.data)
    guchandshakeflag                         0x200001e5   Data           1  wm_wifi_oneshot.o(.data)
    oneshottime                              0x200001f0   Data           4  wm_wifi_oneshot.o(.data)
    oneshot_msg_q                            0x200001f8   Data           4  wm_wifi_oneshot.o(.data)
    oneshotCpuClk                            0x200001fc   Data           4  wm_wifi_oneshot.o(.data)
    skt_descp                                0x20000218   Data           4  wm_wifi_oneshot.o(.data)
    sock_rx                                  0x2000021c   Data           4  wm_wifi_oneshot.o(.data)
    is_airkiss                               0x20000258   Data           1  wm_oneshot_airkiss.o(.data)
    lsd_state                                0x2000026c   Data           1  wm_oneshot_lsd.o(.data)
    lsd_head_bw20                            0x2000026d   Data           1  wm_oneshot_lsd.o(.data)
    lsd_sync_cnt                             0x2000026e   Data           1  wm_oneshot_lsd.o(.data)
    lsd_data_cnt                             0x2000026f   Data           1  wm_oneshot_lsd.o(.data)
    lsd_temp_lock                            0x20000270   Data           1  wm_oneshot_lsd.o(.data)
    lsd_crc_value                            0x20000271   Data           1  wm_oneshot_lsd.o(.data)
    lsd_last_num                             0x20000272   Data           2  wm_oneshot_lsd.o(.data)
    lsd_data_datum                           0x20000274   Data           2  wm_oneshot_lsd.o(.data)
    lsd_head_cnt                             0x20000276   Data           2  wm_oneshot_lsd.o(.data)
    lsd_byte_cnt                             0x20000278   Data           2  wm_oneshot_lsd.o(.data)
    lsd_printf                               0x2000027c   Data           4  wm_oneshot_lsd.o(.data)
    lsd_last_seq                             0x20000280   Data           4  wm_oneshot_lsd.o(.data)
    lsd_src_mac                              0x20000288   Data           6  wm_oneshot_lsd.o(.data)
    gfwupdatemode                            0x20000290   Data           1  wm_cmd.o(.data)
    default_socket                           0x20000291   Data           1  wm_cmd.o(.data)
    pSession_flag                            0x20000292   Data           1  wm_cmd.o(.data)
    gulCalFlag                               0x20000293   Data           1  wm_cmd.o(.data)
    RSTTIMER                                 0x20000298   Data           4  wm_cmd.o(.data)
    set_uart0_mode_callback                  0x200002a8   Data           4  wm_cmd.o(.data)
    get_uart1_port_callback                  0x200002ac   Data           4  wm_cmd.o(.data)
    set_uart1_mode_callback                  0x200002b0   Data           4  wm_cmd.o(.data)
    set_uart1_sock_param_callback            0x200002b4   Data           4  wm_cmd.o(.data)
    g_hspi                                   0x200002b8   Data           8  wm_cmd.o(.data)
    wl_task_param_hostif                     0x200002c0   Data          20  wm_cmd.o(.data)
    os_cnter                                 0x200009c4   Data           4  wm_rtos.o(.data)
    pxCurrentTCB                             0x200009c8   Data           4  wm_rtos.o(.data)
    pxCurrentCoRoutine                       0x20000a10   Data           4  wm_rtos.o(.data)
    pbuf_free_ooseq_pending                  0x20000a6b   Data           1  lwip2.0.3.o(.data)
    tcp_active_pcbs_changed                  0x20000a6c   Data           1  lwip2.0.3.o(.data)
    lwip_task_priopity_stack                 0x20000a73   Data           1  lwip2.0.3.o(.data)
    netconn_aborted                          0x20000a74   Data           1  lwip2.0.3.o(.data)
    current_src_ip                           0x20000a90   Data           4  lwip2.0.3.o(.data)
    sndbuf_len                               0x20000a94   Data           4  lwip2.0.3.o(.data)
    netif_list                               0x20000abc   Data           4  lwip2.0.3.o(.data)
    netif_default                            0x20000ac0   Data           4  lwip2.0.3.o(.data)
    tcp_ticks                                0x20000ac8   Data           4  lwip2.0.3.o(.data)
    tcp_bound_pcbs                           0x20000acc   Data           4  lwip2.0.3.o(.data)
    tcp_listen_pcbs                          0x20000ad0   Data           4  lwip2.0.3.o(.data)
    tcp_active_pcbs                          0x20000ad4   Data           4  lwip2.0.3.o(.data)
    tcp_tw_pcbs                              0x20000ad8   Data           4  lwip2.0.3.o(.data)
    tcp_input_pcb                            0x20000af0   Data           4  lwip2.0.3.o(.data)
    udp_pcbs                                 0x20000af4   Data           4  lwip2.0.3.o(.data)
    h_errno                                  0x20000b38   Data           4  lwip2.0.3.o(.data)
    g_pCGIs                                  0x20000c74   Data           4  httpd.o(.data)
    g_iNumCGIs                               0x20000c78   Data           4  httpd.o(.data)
    gwebcfgmode                              0x20000c89   Data           1  web.o(.data)
    Res                                      0x20000c8c   Data          16  web.o(.data)
    Cgi                                      0x20000c9c   Data          64  web.o(.data)
    ap_iface                                 0x20000cdc   Data           4  ap.o(.data)
    wpa_s                                    0x20000cf4   Data           4  wpa_supplicant.o(.data)
    supplicant_event_ops                     0x20000d00   Data          68  wpa_supplicant.o(.data)
    pfunstandby                              0x20000d48   Data           4  tls_wl_core.o(.data)
    SEC_TXBUF_NUM                            0x20000d4c   Data           4  tls_wl_core.o(.data)
    SEC_RXBUF_NUM                            0x20000d50   Data           4  tls_wl_core.o(.data)
    SEC_TX_DESC_NUM                          0x20000d54   Data           4  tls_wl_core.o(.data)
    wif                                      0x20000d58   Data           4  tls_wl_core.o(.data)
    BEACON_BUF_ADDR                          0x20000d5c   Data           4  tls_wl_core.o(.data)
    BEACON_BUF_END_ADDR                      0x20000d60   Data           4  tls_wl_core.o(.data)
    SEC_TXBUF_BASE_ADDR                      0x20000d64   Data           4  tls_wl_core.o(.data)
    SEC_TXBUF_TOTAL_SIZE                     0x20000d68   Data           4  tls_wl_core.o(.data)
    SEC_TX_DESC_BASE_ADDR                    0x20000d6c   Data           4  tls_wl_core.o(.data)
    SEC_TX_DESC_TOTAL_SIZE                   0x20000d70   Data           4  tls_wl_core.o(.data)
    SEC_TX_FRM_HDR_BASE_ADDR                 0x20000d74   Data           4  tls_wl_core.o(.data)
    SEC_TX_FRM_HDR_TOTAL_SIZE                0x20000d78   Data           4  tls_wl_core.o(.data)
    MGMT_TX_FRM_HDR_BASE_ADDR                0x20000d7c   Data           4  tls_wl_core.o(.data)
    MGMT_TXBUF_TOTAL_SIZE                    0x20000d80   Data           4  tls_wl_core.o(.data)
    MGMT_TX_DESC_BASE_ADDR                   0x20000d84   Data           4  tls_wl_core.o(.data)
    MGMT_TX_DESC_TOTAL_SIZE                  0x20000d88   Data           4  tls_wl_core.o(.data)
    SEC_RXBUF_BASE_ADDR                      0x20000d8c   Data           4  tls_wl_core.o(.data)
    SEC_RXBUF_TOTAL_SIZE                     0x20000d90   Data           4  tls_wl_core.o(.data)
    SEC_RX_DESC_BASE_ADDR                    0x20000d94   Data           4  tls_wl_core.o(.data)
    SEC_RX_DESC_TOTAL_SIZE                   0x20000d98   Data           4  tls_wl_core.o(.data)
    MAC_TXBUF_BASE_ADDR                      0x20000d9c   Data           4  tls_wl_core.o(.data)
    MAC_MAX_BUF_SIZE                         0x20000da0   Data           4  tls_wl_core.o(.data)
    MAC_MAX_TXBUF_CNT                        0x20000da4   Data           4  tls_wl_core.o(.data)
    MAC_MAX_RXBUF_CNT                        0x20000da8   Data           4  tls_wl_core.o(.data)
    MAC_RXBUF_BASE_ADDR                      0x20000dac   Data           4  tls_wl_core.o(.data)
    MAC_RXBUF_END_ADDR                       0x20000db0   Data           4  tls_wl_core.o(.data)
    MAC_TX_WB_BD_BUFFER_ADDR                 0x20000db4   Data           4  tls_wl_core.o(.data)
    MAC_TX_WB_BD_BUFFER_END_ADDR             0x20000db8   Data           4  tls_wl_core.o(.data)
    wl_region                                0x20000dbc   Data          24  tls_wl_hw.o(.data)
    band_2GHz                                0x20000dd4   Data          44  tls_wl_hw.o(.data)
    sleepmode                                0x20000f08   Data           1  tls_wl_if.o(.data)
    hed_rf_current_channel                   0x20000f20   Data           4  tls_wl_rf.o(.data)
    hed_rf_chan_type                         0x20000f24   Data           4  tls_wl_rf.o(.data)
    rf_set_chan_common_data_20m              0x20000f28   Data         120  tls_wl_rf.o(.data)
    rf_chan24g_20m                           0x20000fa0   Data         120  tls_wl_rf.o(.data)
    cos_1M                                   0x20001018   Data         156  tls_wl_rf.o(.data)
    cos_2M                                   0x200010b4   Data          80  tls_wl_rf.o(.data)
    cos_5M                                   0x20001104   Data          32  tls_wl_rf.o(.data)
    cos_10M                                  0x20001124   Data          16  tls_wl_rf.o(.data)
    litept_tx_flag                           0x20001134   Data           4  tls_wl_tx.o(.data)
    g_wl_txbuf                               0x20001138   Data           4  tls_wl_tx.o(.data)
    rfc1042_header                           0x2000113c   Data           6  tls_wl_tx.o(.data)
    bridge_tunnel_header                     0x20001142   Data           6  tls_wl_tx.o(.data)
    g_wifi_data_recv_callback                0x20001148   Data           4  wm_wifi_api.o(.data)
    g_wifi_data_ext_recv_callback            0x2000114c   Data           4  wm_wifi_api.o(.data)
    g_ltpt_testmode                          0x20001174   Data           4  litepoint.o(.data)
    rndmem                                   0x20001178   Data           4  litepoint.o(.data)
    g_ltpt_rxinfo                            0x20001180   Data           4  litepoint.o(.data)
    g_ltpt_txinfo                            0x20001184   Data           4  litepoint.o(.data)
    rateArray                                0x20001188   Data         116  litepoint.o(.data)
    f_bss                                    0x200011fc   Data           4  tls_wl_bss.o(.data)
    g_wl_rxbuf                               0x2000151c   Data           4  tls_wl_rx.o(.data)
    angel                                    0x20001524   Data        2404  tls_rf_tx_iq.o(.data)
    _set_chan_common_iqmismatch_20mrf        0x20001e88   Data          88  tls_rf_tx_iq.o(.data)
    sample_num                               0x20001ee0   Data           4  tx_lo_cal.o(.data)
    tx_rx                                    0x20001ee4   Data           4  tx_lo_cal.o(.data)
    _set_chan_common_data_20mrf              0x20001ee8   Data          88  tx_lo_cal.o(.data)
    sin16                                    0x20001f40   Data          64  tx_lo_cal.o(.data)
    cos16                                    0x20001f80   Data          64  tx_lo_cal.o(.data)
    cos132                                   0x20001fc0   Data          64  tx_lo_cal.o(.data)
    sin132                                   0x20002000   Data          64  tx_lo_cal.o(.data)
    FFT_Data                                 0x20002040   Data           4  tls_rf_fft.o(.data)
    tempRev                                  0x20002044   Data           4  tls_rf_fft.o(.data)
    __microlib_freelist                      0x20002050   Data           4  mvars.o(.data)
    __microlib_freelist_initialised          0x20002054   Data           4  mvars.o(.data)
    __initial_sp                             0x20002458   Data           0  startup_venus.o(.bss)
    TaskStartStk                             0x200025d8   Data        4800  wm_main.o(.bss)
    uart_port                                0x20003e40   Data         420  wm_driver.o(.bss)
    intr_handler_vect                        0x200041e4   Data         164  wm_driver.o(.bss)
    g_slave_hspi                             0x2000429c   Data          24  wm_driver.o(.bss)
    gftParam                                 0x200042b4   Data         128  wm_driver.o(.bss)
    gst_adc                                  0x200043d4   Data          20  wm_driver.o(.bss)
    sc_io                                    0x2000441c   Data          20  wm_driver.o(.bss)
    imgheader                                0x20004830   Data         112  wm_common.o(.bss)
    wl_msg                                   0x200048c0   Data         180  wm_common.o(.bss)
    next_timeout                             0x20004974   Data          36  wm_common.o(.bss)
    user_default_param                       0x20004ffc   Data         808  wm_common.o(.bss)
    gucssidData                              0x20009660   Data          33  wm_wifi_oneshot.o(.bss)
    gucpwdData                               0x20009681   Data          65  wm_wifi_oneshot.o(.bss)
    lsd_head                                 0x2000b130   Data          16  wm_oneshot_lsd.o(.bss)
    lsd_byte                                 0x2000b140   Data          16  wm_oneshot_lsd.o(.bss)
    lsd_data                                 0x2000b150   Data         512  wm_oneshot_lsd.o(.bss)
    lsd_param                                0x2000b350   Data         236  wm_oneshot_lsd.o(.bss)
    socket_cfg                               0x2000b43c   Data          48  wm_cmd.o(.bss)
    g_hostif                                 0x2000b46c   Data          44  wm_cmd.o(.bss)
    sockrecvmit                              0x2000b498   Data          80  wm_cmd.o(.bss)
    skt_desc_def                             0x2000b4e8   Data          80  wm_cmd.o(.bss)
    skt_desc                                 0x2000b538   Data          80  wm_cmd.o(.bss)
    uart_st                                  0x2000b588   Data          96  wm_cmd.o(.bss)
    ricmd_buffer                             0x2000b5e8   Data         208  wm_cmd.o(.bss)
    hostif_stk                               0x2000b6b8   Data        2000  wm_cmd.o(.bss)
    conn_op_completed                        0x2000f49c   Data          80  lwip2.0.3.o(.bss)
    p_net_conn                               0x2000f614   Data          80  lwip2.0.3.o(.bss)
    lwip_stats                               0x2000fb38   Data         214  lwip2.0.3.o(.bss)
    ip_data                                  0x2000fc20   Data          24  lwip2.0.3.o(.bss)
    dhcp_rx_options_val                      0x2000fc4c   Data          40  lwip2.0.3.o(.bss)
    dhcp_rx_options_given                    0x2000fc74   Data          10  lwip2.0.3.o(.bss)
    lwip_task_stk                            0x2000fd70   Data        2048  lwip2.0.3.o(.bss)
    socket_ipv4_multicast_memberships        0x2001057c   Data          96  lwip2.0.3.o(.bss)
    fs_memory                                0x20011c44   Data         240  fs.o(.bss)
    supplicant_task_stk                      0x20011dc8   Data        8192  wpa_supplicant.o(.bss)
    supplicant_timer_task_stk                0x20013dc8   Data         512  wpa_supplicant.o(.bss)
    tx_gain_group                            0x20013fc8   Data          84  tls_wl_core.o(.bss)
    scan_task_stk                            0x2001401c   Data         800  tls_wl_core.o(.bss)
    mlme_task_stk                            0x2001433c   Data        1200  tls_wl_core.o(.bss)
    rx_task_stk                              0x200147ec   Data        1600  tls_wl_core.o(.bss)
    bss_mgmt_task_stk                        0x20014e2c   Data         512  tls_wl_core.o(.bss)
    g_wl_mgmt_txbuf                          0x2001502c   Data         216  tls_wl_tx.o(.bss)
    gauiqpwr                                 0x200155b0   Data        2048  tls_rf_tx_iq.o(.bss)
    gauleakagepwrI                           0x20015db0   Data         512  tx_lo_cal.o(.bss)
    gauleakagepwrq                           0x20015fb0   Data         512  tx_lo_cal.o(.bss)
    __heap_base                              0x200161d8   Data           0  startup_venus.o(HEAP)
    __heap_limit                             0x200301d8   Data           0  startup_venus.o(HEAP)



==============================================================================

Memory Map of the image

  Image Entry point : 0x080101ed

  Load Region LR_IROM1 (Base: 0x08010100, Size: 0x0005417c, Max: 0x00080000, ABSOLUTE, COMPRESSED[0x0005311c])

    Execution Region ER_IROM1 (Exec base: 0x08010100, Load base: 0x08010100, Size: 0x00052124, Max: 0x00080000, ABSOLUTE)

    Exec Addr    Load Addr    Size         Type   Attr      Idx    E Section Name        Object

    0x08010100   0x08010100   0x000000ec   Data   RO          147    RESET               startup_venus.o
    0x080101ec   0x080101ec   0x00000000   Code   RO         7946  * .ARM.Collect$$$$00000000  mc_w.l(entry.o)
    0x080101ec   0x080101ec   0x00000004   Code   RO         8421    .ARM.Collect$$$$00000001  mc_w.l(entry2.o)
    0x080101f0   0x080101f0   0x00000004   Code   RO         8424    .ARM.Collect$$$$00000004  mc_w.l(entry5.o)
    0x080101f4   0x080101f4   0x00000000   Code   RO         8426    .ARM.Collect$$$$00000008  mc_w.l(entry7b.o)
    0x080101f4   0x080101f4   0x00000000   Code   RO         8428    .ARM.Collect$$$$0000000A  mc_w.l(entry8b.o)
    0x080101f4   0x080101f4   0x00000008   Code   RO         8429    .ARM.Collect$$$$0000000B  mc_w.l(entry9a.o)
    0x080101fc   0x080101fc   0x00000000   Code   RO         8431    .ARM.Collect$$$$0000000D  mc_w.l(entry10a.o)
    0x080101fc   0x080101fc   0x00000000   Code   RO         8433    .ARM.Collect$$$$0000000F  mc_w.l(entry11a.o)
    0x080101fc   0x080101fc   0x00000004   Code   RO         8422    .ARM.Collect$$$$00002712  mc_w.l(entry2.o)
    0x08010200   0x08010200   0x00000096   Code   RO         2106    .emb_text           wm_rtos.o
    0x08010296   0x08010296   0x00000002   PAD
    0x08010298   0x08010298   0x00000058   Code   RO            3    .text               main.o
    0x080102f0   0x080102f0   0x00000028   Code   RO          148    .text               startup_venus.o
    0x08010318   0x08010318   0x0000053e   Code   RO          154    .text               retarget.o
    0x08010856   0x08010856   0x00000002   PAD
    0x08010858   0x08010858   0x000000cc   Code   RO          208    .text               misc.o
    0x08010924   0x08010924   0x000001a0   Code   RO          235    .text               wm_main.o
    0x08010ac4   0x08010ac4   0x000003ac   Code   RO          424    .text               tls_sys.o
    0x08010e70   0x08010e70   0x00005db4   Code   RO          467    .text               wm_driver.o
    0x08016c24   0x08016c24   0x00006840   Code   RO          736    .text               wm_common.o
    0x0801d464   0x0801d464   0x00000600   Code   RO          973    .text               wm_demo_console_task.o
    0x0801da64   0x0801da64   0x00000664   Code   RO         1175    .text               wm_socket_client_demo.o
    0x0801e0c8   0x0801e0c8   0x000001b0   Code   RO         1203    .text               wm_connect_net_demo.o
    0x0801e278   0x0801e278   0x00000918   Code   RO         1639    .text               dhcp_server.o
    0x0801eb90   0x0801eb90   0x0000031c   Code   RO         1790    .text               dns_server.o
    0x0801eeac   0x0801eeac   0x0000139c   Code   RO         1816    .text               wm_wifi_oneshot.o
    0x08020248   0x08020248   0x00000224   Code   RO         1872    .text               wm_oneshot_airkiss.o
    0x0802046c   0x0802046c   0x0000084c   Code   RO         1912    .text               wm_oneshot_lsd.o
    0x08020cb8   0x08020cb8   0x00007058   Code   RO         1949    .text               wm_cmd.o
    0x08027d10   0x08027d10   0x00001d64   Code   RO         2107    .text               wm_rtos.o
    0x08029a74   0x08029a74   0x0000c41c   Code   RO         2198    .text               lwip2.0.3.o
    0x08035e90   0x08035e90   0x000019e8   Code   RO         3445    .text               wm_http_compile.o
    0x08037878   0x08037878   0x00000588   Code   RO         3536    .text               ping.o
    0x08037e00   0x08037e00   0x000067c2   Code   RO         3582    .text               wm_matrixssl_compile.o
    0x0803e5c2   0x0803e5c2   0x00000002   PAD
    0x0803e5c4   0x0803e5c4   0x000002f8   Code   RO         4728    .text               wm_http_fwup.o
    0x0803e8bc   0x0803e8bc   0x00000174   Code   RO         4763    .text               wm_socket_fwup.o
    0x0803ea30   0x0803ea30   0x00000228   Code   RO         4787    .text               fs.o
    0x0803ec58   0x0803ec58   0x000008e0   Code   RO         4837    .text               httpd.o
    0x0803f538   0x0803f538   0x00000530   Code   RO         4874    .text               web.o
    0x0803fa68   0x0803fa68   0x000009c0   Code   RO         4910    .text               libairkiss_log.lib(airkiss_log.o)
    0x08040428   0x08040428   0x000008b4   Code   RO         4913    .text               wlan.lib(aesMatrix.o)
    0x08040cdc   0x08040cdc   0x00000880   Code   RO         4939    .text               wlan.lib(ap.o)
    0x0804155c   0x0804155c   0x0000095c   Code   RO         5085    .text               wlan.lib(md5.o)
    0x08041eb8   0x08041eb8   0x00000180   Code   RO         5165    .text               wlan.lib(random.o)
    0x08042038   0x08042038   0x00000116   Code   RO         5203    .text               wlan.lib(rc4.o)
    0x0804214e   0x0804214e   0x0000017e   Code   RO         5244    .text               wlan.lib(sha1.o)
    0x080422cc   0x080422cc   0x000012b8   Code   RO         5266    .text               wlan.lib(sha1_internal.o)
    0x08043584   0x08043584   0x00000478   Code   RO         5309    .text               wlan.lib(sha256.o)
    0x080439fc   0x080439fc   0x0000164c   Code   RO         5327    .text               wlan.lib(wpa_supplicant.o)
    0x08045048   0x08045048   0x00000960   Code   RO         5476    .text               wlan.lib(tls_wl_core.o)
    0x080459a8   0x080459a8   0x00000cd4   Code   RO         5583    .text               wlan.lib(tls_wl_hw.o)
    0x0804667c   0x0804667c   0x00000be8   Code   RO         5643    .text               wlan.lib(tls_wl_if.o)
    0x08047264   0x08047264   0x00000874   Code   RO         5697    .text               wlan.lib(tls_wl_rf.o)
    0x08047ad8   0x08047ad8   0x000012f0   Code   RO         5739    .text               wlan.lib(tls_wl_tx.o)
    0x08048dc8   0x08048dc8   0x00001354   Code   RO         5813    .text               wlan.lib(wm_wifi_api.o)
    0x0804a11c   0x0804a11c   0x00000868   Code   RO         6017    .text               wlan.lib(wm_wifi_oneshot_api.o)
    0x0804a984   0x0804a984   0x00000540   Code   RO         6056    .text               wlan.lib(litepoint.o)
    0x0804aec4   0x0804aec4   0x0000154c   Code   RO         6148    .text               wlan.lib(libtommath.o)
    0x0804c410   0x0804c410   0x00000272   Code   RO         6174    .text               wlan.lib(bss.o)
    0x0804c682   0x0804c682   0x00000002   PAD
    0x0804c684   0x0804c684   0x00000f84   Code   RO         6229    .text               wlan.lib(events.o)
    0x0804d608   0x0804d608   0x00000324   Code   RO         6313    .text               wlan.lib(hostapd.o)
    0x0804d92c   0x0804d92c   0x00000094   Code   RO         6376    .text               wlan.lib(ieee802_1x.o)
    0x0804d9c0   0x0804d9c0   0x00000a0e   Code   RO         6434    .text               wlan.lib(ieee802_11.o)
    0x0804e3ce   0x0804e3ce   0x000002a2   Code   RO         6492    .text               wlan.lib(ieee802_11_common.o)
    0x0804e670   0x0804e670   0x0000006c   Code   RO         6532    .text               wlan.lib(os_internal.o)
    0x0804e6dc   0x0804e6dc   0x000001ec   Code   RO         6548    .text               wlan.lib(scan.o)
    0x0804e8c8   0x0804e8c8   0x000000f8   Code   RO         6601    .text               wlan.lib(sha1-pbkdf2.o)
    0x0804e9c0   0x0804e9c0   0x000005ac   Code   RO         6620    .text               wlan.lib(hostapd_sta_info.o)
    0x0804ef6c   0x0804ef6c   0x000000f0   Code   RO         6673    .text               wlan.lib(tkip_countermeasures.o)
    0x0804f05c   0x0804f05c   0x0000104a   Code   RO         6725    .text               wlan.lib(wpa.o)
    0x080500a6   0x080500a6   0x0000047e   Code   RO         6793    .text               wlan.lib(wpa_driver.o)
    0x08050524   0x08050524   0x000003f4   Code   RO         6843    .text               wlan.lib(wpa_ie.o)
    0x08050918   0x08050918   0x00000142   Code   RO         6889    .text               wlan.lib(wpabuf.o)
    0x08050a5a   0x08050a5a   0x00000134   Code   RO         6909    .text               wlan.lib(wpas_glue.o)
    0x08050b8e   0x08050b8e   0x00000002   PAD
    0x08050b90   0x08050b90   0x000006e8   Code   RO         6973    .text               wlan.lib(tls_wl_bss.o)
    0x08051278   0x08051278   0x0000033e   Code   RO         7030    .text               wlan.lib(tls_wl_key.o)
    0x080515b6   0x080515b6   0x00000002   PAD
    0x080515b8   0x080515b8   0x00000c84   Code   RO         7065    .text               wlan.lib(tls_wl_mgmt.o)
    0x0805223c   0x0805223c   0x000017b8   Code   RO         7102    .text               wlan.lib(tls_wl_mlme.o)
    0x080539f4   0x080539f4   0x00000088   Code   RO         7155    .text               wlan.lib(tls_wl_phy.o)
    0x08053a7c   0x08053a7c   0x00000b18   Code   RO         7195    .text               wlan.lib(tls_wl_rc.o)
    0x08054594   0x08054594   0x000013f0   Code   RO         7235    .text               wlan.lib(tls_wl_rx.o)
    0x08055984   0x08055984   0x00000310   Code   RO         7300    .text               wlan.lib(tls_wl_scan.o)
    0x08055c94   0x08055c94   0x0000023c   Code   RO         7331    .text               wlan.lib(tls_wl_sta_info.o)
    0x08055ed0   0x08055ed0   0x000004a4   Code   RO         7358    .text               wlan.lib(tls_wl_util.o)
    0x08056374   0x08056374   0x00000c0c   Code   RO         7394    .text               wlan.lib(tls_rf_tx_iq.o)
    0x08056f80   0x08056f80   0x00001158   Code   RO         7426    .text               wlan.lib(tx_lo_cal.o)
    0x080580d8   0x080580d8   0x000000ba   Code   RO         7457    .text               wlan.lib(aes_unwrap.o)
    0x08058192   0x08058192   0x00000036   Code   RO         7518    .text               wlan.lib(ap_mlme.o)
    0x080581c8   0x080581c8   0x000004c8   Code   RO         7553    .text               wlan.lib(beacon.o)
    0x08058690   0x08058690   0x0000010c   Code   RO         7611    .text               wlan.lib(common.o)
    0x0805879c   0x0805879c   0x000016f4   Code   RO         7632    .text               wlan.lib(wpa_auth.o)
    0x08059e90   0x08059e90   0x00000080   Code   RO         7698    .text               wlan.lib(wpa_auth_glue.o)
    0x08059f10   0x08059f10   0x0000068c   Code   RO         7747    .text               wlan.lib(wpa_auth_ie.o)
    0x0805a59c   0x0805a59c   0x0000055c   Code   RO         7787    .text               wlan.lib(wpa_common.o)
    0x0805aaf8   0x0805aaf8   0x00000244   Code   RO         7815    .text               wlan.lib(hostapd_wpa_driver.o)
    0x0805ad3c   0x0805ad3c   0x00000168   Code   RO         7870    .text               wlan.lib(tls_rf_fft.o)
    0x0805aea4   0x0805aea4   0x000000a8   Code   RO         7912    .text               wlan.lib(aes_wrap.o)
    0x0805af4c   0x0805af4c   0x00000062   Code   RO         7949    .text               mc_w.l(uldiv.o)
    0x0805afae   0x0805afae   0x00000062   Code   RO         7951    .text               mc_w.l(ldiv.o)
    0x0805b010   0x0805b010   0x00000008   Code   RO         7953    .text               mc_w.l(ctype_o.o)
    0x0805b018   0x0805b018   0x00000012   Code   RO         7975    .text               mc_w.l(isspace_o.o)
    0x0805b02a   0x0805b02a   0x0000000c   Code   RO         7981    .text               mc_w.l(toupper.o)
    0x0805b036   0x0805b036   0x0000000c   Code   RO         7983    .text               mc_w.l(tolower.o)
    0x0805b042   0x0805b042   0x00000002   PAD
    0x0805b044   0x0805b044   0x00000024   Code   RO         7985    .text               mc_w.l(rand.o)
    0x0805b068   0x0805b068   0x00000042   Code   RO         7998    .text               mc_w.l(memmove.o)
    0x0805b0aa   0x0805b0aa   0x00000024   Code   RO         8004    .text               mc_w.l(memseta.o)
    0x0805b0ce   0x0805b0ce   0x00000018   Code   RO         8006    .text               mc_w.l(strcat.o)
    0x0805b0e6   0x0805b0e6   0x00000024   Code   RO         8008    .text               mc_w.l(strstr.o)
    0x0805b10a   0x0805b10a   0x00000018   Code   RO         8010    .text               mc_w.l(strncpy.o)
    0x0805b122   0x0805b122   0x00000014   Code   RO         8012    .text               mc_w.l(strchr.o)
    0x0805b136   0x0805b136   0x0000000e   Code   RO         8014    .text               mc_w.l(strlen.o)
    0x0805b144   0x0805b144   0x0000001c   Code   RO         8016    .text               mc_w.l(strcmp.o)
    0x0805b160   0x0805b160   0x00000014   Code   RO         8018    .text               mc_w.l(memchr.o)
    0x0805b174   0x0805b174   0x0000001a   Code   RO         8020    .text               mc_w.l(memcmp.o)
    0x0805b18e   0x0805b18e   0x00000012   Code   RO         8024    .text               mc_w.l(strcpy.o)
    0x0805b1a0   0x0805b1a0   0x0000001e   Code   RO         8026    .text               mc_w.l(strncmp.o)
    0x0805b1be   0x0805b1be   0x0000002a   Code   RO         8044    .text               mc_w.l(strcasecmp.o)
    0x0805b1e8   0x0805b1e8   0x00000038   Code   RO         8342    .text               mc_w.l(__0sscanf.o)
    0x0805b220   0x0805b220   0x0000014c   Code   RO         8346    .text               mc_w.l(_scanf_int.o)
    0x0805b36c   0x0805b36c   0x000000e0   Code   RO         8348    .text               mc_w.l(_scanf_str.o)
    0x0805b44c   0x0805b44c   0x0000001a   Code   RO         8354    .text               mc_w.l(atoi.o)
    0x0805b466   0x0805b466   0x0000001a   Code   RO         8356    .text               mc_w.l(atol.o)
    0x0805b480   0x0805b480   0x0000014e   Code   RO         8368    .text               mf_w.l(dadd.o)
    0x0805b5ce   0x0805b5ce   0x000000e4   Code   RO         8370    .text               mf_w.l(dmul.o)
    0x0805b6b2   0x0805b6b2   0x000000de   Code   RO         8372    .text               mf_w.l(ddiv.o)
    0x0805b790   0x0805b790   0x0000002e   Code   RO         8374    .text               mf_w.l(dscalb.o)
    0x0805b7be   0x0805b7be   0x00000022   Code   RO         8378    .text               mf_w.l(dflti.o)
    0x0805b7e0   0x0805b7e0   0x0000001a   Code   RO         8380    .text               mf_w.l(dfltui.o)
    0x0805b7fa   0x0805b7fa   0x0000003e   Code   RO         8384    .text               mf_w.l(dfixi.o)
    0x0805b838   0x0805b838   0x00000030   Code   RO         8386    .text               mf_w.l(dfixul.o)
    0x0805b868   0x0805b868   0x00000030   Code   RO         8392    .text               mf_w.l(cdrcmple.o)
    0x0805b898   0x0805b898   0x0000002c   Code   RO         8435    .text               mc_w.l(uidiv.o)
    0x0805b8c4   0x0805b8c4   0x0000001e   Code   RO         8437    .text               mc_w.l(llshl.o)
    0x0805b8e2   0x0805b8e2   0x00000020   Code   RO         8439    .text               mc_w.l(llushr.o)
    0x0805b902   0x0805b902   0x00000024   Code   RO         8441    .text               mc_w.l(llsshr.o)
    0x0805b926   0x0805b926   0x0000001c   Code   RO         8448    .text               mc_w.l(_chval.o)
    0x0805b942   0x0805b942   0x00000002   PAD
    0x0805b944   0x0805b944   0x00000028   Code   RO         8450    .text               mc_w.l(scanf_char.o)
    0x0805b96c   0x0805b96c   0x00000040   Code   RO         8452    .text               mc_w.l(_sgetc.o)
    0x0805b9ac   0x0805b9ac   0x00000070   Code   RO         8456    .text               mc_w.l(strtol.o)
    0x0805ba1c   0x0805ba1c   0x00000000   Code   RO         8460    .text               mc_w.l(iusefp.o)
    0x0805ba1c   0x0805ba1c   0x000000ba   Code   RO         8463    .text               mf_w.l(depilogue.o)
    0x0805bad6   0x0805bad6   0x00000002   PAD
    0x0805bad8   0x0805bad8   0x00000024   Code   RO         8467    .text               mc_w.l(init.o)
    0x0805bafc   0x0805bafc   0x0000032c   Code   RO         8471    .text               mc_w.l(_scanf.o)
    0x0805be28   0x0805be28   0x0000009e   Code   RO         8473    .text               mc_w.l(_strtoul.o)
    0x0805bec6   0x0805bec6   0x00000056   Code   RO         8490    .text               mc_w.l(__dczerorl2.o)
    0x0805bf1c   0x0805bf1c   0x00000020   Code   RO         8279    i.__0printf         mc_w.l(printfa.o)
    0x0805bf3c   0x0805bf3c   0x00000030   Code   RO         8280    i.__0snprintf       mc_w.l(printfa.o)
    0x0805bf6c   0x0805bf6c   0x00000028   Code   RO         8281    i.__0sprintf        mc_w.l(printfa.o)
    0x0805bf94   0x0805bf94   0x00000008   Code   RO         8335    i.__aeabi_errno_addr  mc_w.l(errno.o)
    0x0805bf9c   0x0805bf9c   0x0000005c   Code   RO         8311    i.__free$realloc    mc_w.l(mallocr.o)
    0x0805bff8   0x0805bff8   0x00000050   Code   RO         8312    i.__malloc$realloc  mc_w.l(mallocr.o)
    0x0805c048   0x0805c048   0x0000000e   Code   RO         8484    i.__scatterload_copy  mc_w.l(handlers.o)
    0x0805c056   0x0805c056   0x00000002   Code   RO         8485    i.__scatterload_null  mc_w.l(handlers.o)
    0x0805c058   0x0805c058   0x0000000e   Code   RO         8486    i.__scatterload_zeroinit  mc_w.l(handlers.o)
    0x0805c066   0x0805c066   0x00000002   PAD
    0x0805c068   0x0805c068   0x00000184   Code   RO         8286    i._fp_digits        mc_w.l(printfa.o)
    0x0805c1ec   0x0805c1ec   0x000006dc   Code   RO         8287    i._printf_core      mc_w.l(printfa.o)
    0x0805c8c8   0x0805c8c8   0x00000024   Code   RO         8288    i._printf_post_padding  mc_w.l(printfa.o)
    0x0805c8ec   0x0805c8ec   0x0000002e   Code   RO         8289    i._printf_pre_padding  mc_w.l(printfa.o)
    0x0805c91a   0x0805c91a   0x00000016   Code   RO         8290    i._snputc           mc_w.l(printfa.o)
    0x0805c930   0x0805c930   0x0000000a   Code   RO         8291    i._sputc            mc_w.l(printfa.o)
    0x0805c93a   0x0805c93a   0x00000002   PAD
    0x0805c93c   0x0805c93c   0x00000050   Code   RO         8313    i.internal_alloc    mc_w.l(mallocr.o)
    0x0805c98c   0x0805c98c   0x0000006c   Code   RO         8314    i.realloc           mc_w.l(mallocr.o)
    0x0805c9f8   0x0805c9f8   0x00000004   Data   RO          237    .constdata          wm_main.o
    0x0805c9fc   0x0805c9fc   0x00000006   Data   RO          238    .constdata          wm_main.o
    0x0805ca02   0x0805ca02   0x00000002   PAD
    0x0805ca04   0x0805ca04   0x00000044   Data   RO          470    .constdata          wm_driver.o
    0x0805ca48   0x0805ca48   0x00000ad8   Data   RO          739    .constdata          wm_common.o
    0x0805d520   0x0805d520   0x00000010   Data   RO         1874    .constdata          wm_oneshot_airkiss.o
    0x0805d530   0x0805d530   0x00000103   Data   RO         1914    .constdata          wm_oneshot_lsd.o
    0x0805d633   0x0805d633   0x00000015   Data   RO         1952    .constdata          wm_cmd.o
    0x0805d648   0x0805d648   0x00000004   Data   RO         2109    .constdata          wm_rtos.o
    0x0805d64c   0x0805d64c   0x00000014   Data   RO         2110    .constdata          wm_rtos.o
    0x0805d660   0x0805d660   0x00000002   Data   RO         2201    .constdata          lwip2.0.3.o
    0x0805d662   0x0805d662   0x00000002   Data   RO         2202    .constdata          lwip2.0.3.o
    0x0805d664   0x0805d664   0x00000002   Data   RO         2203    .constdata          lwip2.0.3.o
    0x0805d666   0x0805d666   0x00000002   Data   RO         2204    .constdata          lwip2.0.3.o
    0x0805d668   0x0805d668   0x00000002   Data   RO         2205    .constdata          lwip2.0.3.o
    0x0805d66a   0x0805d66a   0x00000002   Data   RO         2206    .constdata          lwip2.0.3.o
    0x0805d66c   0x0805d66c   0x00000002   Data   RO         2207    .constdata          lwip2.0.3.o
    0x0805d66e   0x0805d66e   0x00000002   Data   RO         2208    .constdata          lwip2.0.3.o
    0x0805d670   0x0805d670   0x00000002   Data   RO         2209    .constdata          lwip2.0.3.o
    0x0805d672   0x0805d672   0x00000002   Data   RO         2210    .constdata          lwip2.0.3.o
    0x0805d674   0x0805d674   0x00000002   Data   RO         2211    .constdata          lwip2.0.3.o
    0x0805d676   0x0805d676   0x00000002   Data   RO         2212    .constdata          lwip2.0.3.o
    0x0805d678   0x0805d678   0x00000002   Data   RO         2213    .constdata          lwip2.0.3.o
    0x0805d67a   0x0805d67a   0x00000002   Data   RO         2214    .constdata          lwip2.0.3.o
    0x0805d67c   0x0805d67c   0x00000002   Data   RO         2215    .constdata          lwip2.0.3.o
    0x0805d67e   0x0805d67e   0x00000002   Data   RO         2216    .constdata          lwip2.0.3.o
    0x0805d680   0x0805d680   0x0000013c   Data   RO         2217    .constdata          lwip2.0.3.o
    0x0805d7bc   0x0805d7bc   0x00000010   Data   RO         3447    .constdata          wm_http_compile.o
    0x0805d7cc   0x0805d7cc   0x0000006a   Data   RO         3585    .constdata          wm_matrixssl_compile.o
    0x0805d836   0x0805d836   0x00000077   Data   RO         4789    .constdata          fs.o
    0x0805d8ad   0x0805d8ad   0x00001062   Data   RO         4790    .constdata          fs.o
    0x0805e90f   0x0805e90f   0x000006f4   Data   RO         4791    .constdata          fs.o
    0x0805f003   0x0805f003   0x000001cd   Data   RO         4792    .constdata          fs.o
    0x0805f1d0   0x0805f1d0   0x0000006c   Data   RO         4793    .constdata          fs.o
    0x0805f23c   0x0805f23c   0x000001b6   Data   RO         4794    .constdata          fs.o
    0x0805f3f2   0x0805f3f2   0x00000002   PAD
    0x0805f3f4   0x0805f3f4   0x00000010   Data   RO         4795    .constdata          fs.o
    0x0805f404   0x0805f404   0x00000010   Data   RO         4796    .constdata          fs.o
    0x0805f414   0x0805f414   0x00000010   Data   RO         4797    .constdata          fs.o
    0x0805f424   0x0805f424   0x00000010   Data   RO         4798    .constdata          fs.o
    0x0805f434   0x0805f434   0x00000010   Data   RO         4799    .constdata          fs.o
    0x0805f444   0x0805f444   0x00000010   Data   RO         4800    .constdata          fs.o
    0x0805f454   0x0805f454   0x00000020   Data   RO         4839    .constdata          httpd.o
    0x0805f474   0x0805f474   0x00000210   Data   RO         4875    .constdata          web.o
    0x0805f684   0x0805f684   0x00000222   Data   RO         4911    .constdata          libairkiss_log.lib(airkiss_log.o)
    0x0805f8a6   0x0805f8a6   0x00000002   PAD
    0x0805f8a8   0x0805f8a8   0x00001038   Data   RO         4914    .constdata          wlan.lib(aesMatrix.o)
    0x080608e0   0x080608e0   0x00000090   Data   RO         4940    .constdata          wlan.lib(ap.o)
    0x08060970   0x08060970   0x00000020   Data   RO         5167    .constdata          wlan.lib(random.o)
    0x08060990   0x08060990   0x00000100   Data   RO         5310    .constdata          wlan.lib(sha256.o)
    0x08060a90   0x08060a90   0x00000040   Data   RO         5698    .constdata          wlan.lib(tls_wl_rf.o)
    0x08060ad0   0x08060ad0   0x00000078   Data   RO         5699    .constdata          wlan.lib(tls_wl_rf.o)
    0x08060b48   0x08060b48   0x00000068   Data   RO         6314    .constdata          wlan.lib(hostapd.o)
    0x08060bb0   0x08060bb0   0x000000b0   Data   RO         6726    .constdata          wlan.lib(wpa.o)
    0x08060c60   0x08060c60   0x00000050   Data   RO         7156    .constdata          wlan.lib(tls_wl_phy.o)
    0x08060cb0   0x08060cb0   0x00000006   Data   RO         7236    .constdata          wlan.lib(tls_wl_rx.o)
    0x08060cb6   0x08060cb6   0x00000800   Data   RO         7871    .constdata          wlan.lib(tls_rf_fft.o)
    0x080614b6   0x080614b6   0x00000081   Data   RO         7954    .constdata          mc_w.l(ctype_o.o)
    0x08061537   0x08061537   0x00000001   PAD
    0x08061538   0x08061538   0x00000004   Data   RO         7955    .constdata          mc_w.l(ctype_o.o)
    0x0806153c   0x0806153c   0x0000029d   Data   RO          977    .conststring        wm_demo_console_task.o
    0x080617d9   0x080617d9   0x00000003   PAD
    0x080617dc   0x080617dc   0x00000056   Data   RO         1875    .conststring        wm_oneshot_airkiss.o
    0x08061832   0x08061832   0x00000002   PAD
    0x08061834   0x08061834   0x000004fd   Data   RO         1953    .conststring        wm_cmd.o
    0x08061d31   0x08061d31   0x00000003   PAD
    0x08061d34   0x08061d34   0x00000053   Data   RO         2111    .conststring        wm_rtos.o
    0x08061d87   0x08061d87   0x00000001   PAD
    0x08061d88   0x08061d88   0x000000c0   Data   RO         2219    .conststring        lwip2.0.3.o
    0x08061e48   0x08061e48   0x0000004f   Data   RO         3586    .conststring        wm_matrixssl_compile.o
    0x08061e97   0x08061e97   0x00000001   PAD
    0x08061e98   0x08061e98   0x000000ad   Data   RO         4841    .conststring        httpd.o
    0x08061f45   0x08061f45   0x00000003   PAD
    0x08061f48   0x08061f48   0x00000262   Data   RO         4876    .conststring        web.o
    0x080621aa   0x080621aa   0x00000002   PAD
    0x080621ac   0x080621ac   0x0000000f   Data   RO         4877    .conststring        web.o
    0x080621bb   0x080621bb   0x00000049   Data   RO         5644    .conststring        wlan.lib(tls_wl_if.o)
    0x08062204   0x08062204   0x00000020   Data   RO         8482    Region$$Table       anon$$obj.o


    Execution Region RW_IRAM1 (Exec base: 0x20000000, Load base: 0x08062224, Size: 0x000301d8, Max: 0x00038000, ABSOLUTE, COMPRESSED[0x00000ff8])

    Exec Addr    Load Addr    Size         Type   Attr      Idx    E Section Name        Object

    0x20000000   COMPRESSED   0x00000004   Data   RW          156    .data               retarget.o
    0x20000004   COMPRESSED   0x00000004   Data   RW          239    .data               wm_main.o
    0x20000008   COMPRESSED   0x00000004   Data   RW          426    .data               tls_sys.o
    0x2000000c   COMPRESSED   0x000000b8   Data   RW          473    .data               wm_driver.o
    0x200000c4   COMPRESSED   0x00000004   PAD
    0x200000c8   COMPRESSED   0x00000082   Data   RW          740    .data               wm_common.o
    0x2000014a   COMPRESSED   0x00000002   PAD
    0x2000014c   COMPRESSED   0x00000084   Data   RW          978    .data               wm_demo_console_task.o
    0x200001d0   COMPRESSED   0x00000010   Data   RW         1177    .data               wm_socket_client_demo.o
    0x200001e0   COMPRESSED   0x00000075   Data   RW         1818    .data               wm_wifi_oneshot.o
    0x20000255   COMPRESSED   0x00000003   PAD
    0x20000258   COMPRESSED   0x00000012   Data   RW         1876    .data               wm_oneshot_airkiss.o
    0x2000026a   COMPRESSED   0x00000002   PAD
    0x2000026c   COMPRESSED   0x00000022   Data   RW         1915    .data               wm_oneshot_lsd.o
    0x2000028e   COMPRESSED   0x00000002   PAD
    0x20000290   COMPRESSED   0x00000734   Data   RW         1954    .data               wm_cmd.o
    0x200009c4   COMPRESSED   0x000000a0   Data   RW         2112    .data               wm_rtos.o
    0x20000a64   COMPRESSED   0x000000f0   Data   RW         2220    .data               lwip2.0.3.o
    0x20000b54   COMPRESSED   0x00000004   Data   RW         3448    .data               wm_http_compile.o
    0x20000b58   COMPRESSED   0x00000018   Data   RW         3538    .data               ping.o
    0x20000b70   COMPRESSED   0x000000f4   Data   RW         3587    .data               wm_matrixssl_compile.o
    0x20000c64   COMPRESSED   0x00000010   Data   RW         4764    .data               wm_socket_fwup.o
    0x20000c74   COMPRESSED   0x00000014   Data   RW         4842    .data               httpd.o
    0x20000c88   COMPRESSED   0x00000014   Data   RW         4878    .data               web.o
    0x20000c9c   COMPRESSED   0x00000040   Data   RW         4879    .data               web.o
    0x20000cdc   COMPRESSED   0x00000004   Data   RW         4941    .data               wlan.lib(ap.o)
    0x20000ce0   COMPRESSED   0x00000014   Data   RW         5168    .data               wlan.lib(random.o)
    0x20000cf4   COMPRESSED   0x00000050   Data   RW         5330    .data               wlan.lib(wpa_supplicant.o)
    0x20000d44   COMPRESSED   0x00000078   Data   RW         5479    .data               wlan.lib(tls_wl_core.o)
    0x20000dbc   COMPRESSED   0x00000044   Data   RW         5584    .data               wlan.lib(tls_wl_hw.o)
    0x20000e00   COMPRESSED   0x00000060   Data   RW         5585    .data               wlan.lib(tls_wl_hw.o)
    0x20000e60   COMPRESSED   0x000000a8   Data   RW         5586    .data               wlan.lib(tls_wl_hw.o)
    0x20000f08   COMPRESSED   0x00000018   Data   RW         5645    .data               wlan.lib(tls_wl_if.o)
    0x20000f20   COMPRESSED   0x00000214   Data   RW         5700    .data               wlan.lib(tls_wl_rf.o)
    0x20001134   COMPRESSED   0x00000014   Data   RW         5741    .data               wlan.lib(tls_wl_tx.o)
    0x20001148   COMPRESSED   0x00000010   Data   RW         5814    .data               wlan.lib(wm_wifi_api.o)
    0x20001158   COMPRESSED   0x0000001c   Data   RW         6019    .data               wlan.lib(wm_wifi_oneshot_api.o)
    0x20001174   COMPRESSED   0x00000088   Data   RW         6057    .data               wlan.lib(litepoint.o)
    0x200011fc   COMPRESSED   0x00000004   Data   RW         6974    .data               wlan.lib(tls_wl_bss.o)
    0x20001200   COMPRESSED   0x0000031c   Data   RW         7196    .data               wlan.lib(tls_wl_rc.o)
    0x2000151c   COMPRESSED   0x00000008   Data   RW         7237    .data               wlan.lib(tls_wl_rx.o)
    0x20001524   COMPRESSED   0x000009bc   Data   RW         7396    .data               wlan.lib(tls_rf_tx_iq.o)
    0x20001ee0   COMPRESSED   0x00000160   Data   RW         7428    .data               wlan.lib(tx_lo_cal.o)
    0x20002040   COMPRESSED   0x00000004   Data   RW         7872    .data               wlan.lib(tls_rf_fft.o)
    0x20002044   COMPRESSED   0x00000004   Data   RW         7873    .data               wlan.lib(tls_rf_fft.o)
    0x20002048   COMPRESSED   0x00000004   Data   RW         7986    .data               mc_w.l(rand.o)
    0x2000204c   COMPRESSED   0x00000004   Data   RW         8338    .data               mc_w.l(errno.o)
    0x20002050   COMPRESSED   0x00000004   Data   RW         8446    .data               mc_w.l(mvars.o)
    0x20002054   COMPRESSED   0x00000004   Data   RW         8447    .data               mc_w.l(mvars.o)
    0x20002058        -       0x00000400   Zero   RW          145    .bss                startup_venus.o
    0x20002458        -       0x00000180   Zero   RW          155    .bss                retarget.o
    0x200025d8        -       0x000012c0   Zero   RW          236    .bss                wm_main.o
    0x20003898        -       0x00000400   Zero   RW          425    .bss                tls_sys.o
    0x20003c98        -       0x00000798   Zero   RW          468    .bss                wm_driver.o
    0x20004430        -       0x00000ef4   Zero   RW          737    .bss                wm_common.o
    0x20005324        -       0x0000200c   Zero   RW          974    .bss                wm_demo_console_task.o
    0x20007330        -       0x00002000   Zero   RW         1176    .bss                wm_socket_client_demo.o
    0x20009330        -       0x00000308   Zero   RW         1640    .bss                dhcp_server.o
    0x20009638        -       0x00000028   Zero   RW         1791    .bss                dns_server.o
    0x20009660        -       0x000019e8   Zero   RW         1817    .bss                wm_wifi_oneshot.o
    0x2000b048        -       0x000000e8   Zero   RW         1873    .bss                wm_oneshot_airkiss.o
    0x2000b130        -       0x0000030c   Zero   RW         1913    .bss                wm_oneshot_lsd.o
    0x2000b43c        -       0x0000027c   Zero   RW         1950    .bss                wm_cmd.o
    0x2000b6b8        -       0x000007d0   Zero   RW         1951    .bss                wm_cmd.o
    0x2000be88        -       0x00003614   Zero   RW         2108    .bss                wm_rtos.o
    0x2000f49c        -       0x000011e0   Zero   RW         2199    .bss                lwip2.0.3.o
    0x2001067c        -       0x00000400   Zero   RW         3446    .bss                wm_http_compile.o
    0x20010a7c        -       0x00000448   Zero   RW         3537    .bss                ping.o
    0x20010ec4        -       0x00000d80   Zero   RW         3583    .bss                wm_matrixssl_compile.o
    0x20011c44        -       0x000000f0   Zero   RW         4788    .bss                fs.o
    0x20011d34        -       0x00000094   Zero   RW         5166    .bss                wlan.lib(random.o)
    0x20011dc8        -       0x00002200   Zero   RW         5328    .bss                wlan.lib(wpa_supplicant.o)
    0x20013fc8        -       0x00001064   Zero   RW         5477    .bss                wlan.lib(tls_wl_core.o)
    0x2001502c        -       0x000000d8   Zero   RW         5740    .bss                wlan.lib(tls_wl_tx.o)
    0x20015104        -       0x00000488   Zero   RW         6018    .bss                wlan.lib(wm_wifi_oneshot_api.o)
    0x2001558c        -       0x00000021   Zero   RW         7359    .bss                wlan.lib(tls_wl_util.o)
    0x200155ad   COMPRESSED   0x00000003   PAD
    0x200155b0        -       0x00000800   Zero   RW         7395    .bss                wlan.lib(tls_rf_tx_iq.o)
    0x20015db0        -       0x00000400   Zero   RW         7427    .bss                wlan.lib(tx_lo_cal.o)
    0x200161b0        -       0x00000021   Zero   RW         7612    .bss                wlan.lib(common.o)
    0x200161d1   COMPRESSED   0x00000007   PAD
    0x200161d8        -       0x0001a000   Zero   RW          146    HEAP                startup_venus.o


==============================================================================

Image component sizes


      Code (inc. data)   RO Data    RW Data    ZI Data      Debug   Object Name

      2328         48          0          0        776      60959   dhcp_server.o
       796         10          0          0         40       6299   dns_server.o
       552         10       7196          0        240       5973   fs.o
      2272        208        205         20          0      13497   httpd.o
     50204        944        540        240       4576     349978   lwip2.0.3.o
        88         56          0          0          0      65722   main.o
       204         12          0          0          0       3971   misc.o
      1416        424          0         24       1096       8429   ping.o
      1342          8          0          4        384      35498   retarget.o
        40          8        236          0     107520        732   startup_venus.o
       940         42          0          4       1024       7820   tls_sys.o
      1328        222       1153         84          0      20277   web.o
     28760       2138       1298       1844       2636     198507   wm_cmd.o
     26688       2592       2776        130       3828     168617   wm_common.o
       432        156          0          0          0       2069   wm_connect_net_demo.o
      1536        220        669        132       8204       7147   wm_demo_console_task.o
     23988        910         68        184       1944     239570   wm_driver.o
      6632        510         16          4       1024      37768   wm_http_compile.o
       760        196          0          0          0      19102   wm_http_fwup.o
       416         36         10          4       4800      56344   wm_main.o
     26562       1236        185        244       3456     118679   wm_matrixssl_compile.o
       548         86        102         18        232      28205   wm_oneshot_airkiss.o
      2124        344        259         34        780      39162   wm_oneshot_lsd.o
      7674        338        107        160      13844      69026   wm_rtos.o
      1636        560          0         16       8192       4730   wm_socket_client_demo.o
       372         38          0         16          0       2895   wm_socket_fwup.o
         0          0          0          0          0       2200   wm_uart_demo.o
      5020        364          0        117       6632      69733   wm_wifi_oneshot.o

    ----------------------------------------------------------------------
    194664      11716      14871       3292     171228    1642909   Object Totals
         0          0         32          0          0          0   (incl. Generated)
         6          0         19         13          0          0   (incl. Padding)

    ----------------------------------------------------------------------

      Code (inc. data)   RO Data    RW Data    ZI Data      Debug   Library Member Name

      2496        528        546          0          0        416   airkiss_log.o
        56          8          0          0          0         84   __0sscanf.o
        86          0          0          0          0          0   __dczerorl2.o
        28          0          0          0          0         68   _chval.o
       812          4          0          0          0        112   _scanf.o
       332          0          0          0          0         96   _scanf_int.o
       224          0          0          0          0         96   _scanf_str.o
        64          0          0          0          0         84   _sgetc.o
       158          0          0          0          0         92   _strtoul.o
        26          0          0          0          0         80   atoi.o
        26          0          0          0          0         80   atol.o
         8          4        133          0          0         68   ctype_o.o
         0          0          0          0          0          0   entry.o
         0          0          0          0          0          0   entry10a.o
         0          0          0          0          0          0   entry11a.o
         8          4          0          0          0          0   entry2.o
         4          0          0          0          0          0   entry5.o
         0          0          0          0          0          0   entry7b.o
         0          0          0          0          0          0   entry8b.o
         8          4          0          0          0          0   entry9a.o
         8          4          0          4          0         68   errno.o
        30          0          0          0          0          0   handlers.o
        36          8          0          0          0         68   init.o
        18          0          0          0          0         76   isspace_o.o
         0          0          0          0          0          0   iusefp.o
        98          0          0          0          0         84   ldiv.o
        30          0          0          0          0         68   llshl.o
        36          0          0          0          0         68   llsshr.o
        32          0          0          0          0         68   llushr.o
       360         30          0          0          0        356   mallocr.o
        20          0          0          0          0         68   memchr.o
        26          0          0          0          0         80   memcmp.o
        66          0          0          0          0         76   memmove.o
        36          0          0          0          0        108   memseta.o
         0          0          0          8          0          0   mvars.o
      2378        100          0          0          0        756   printfa.o
        36         10          0          4          0        136   rand.o
        40          8          0          0          0         84   scanf_char.o
        42          0          0          0          0         84   strcasecmp.o
        24          0          0          0          0         68   strcat.o
        20          0          0          0          0         68   strchr.o
        28          0          0          0          0         76   strcmp.o
        18          0          0          0          0         68   strcpy.o
        14          0          0          0          0         68   strlen.o
        30          0          0          0          0         80   strncmp.o
        24          0          0          0          0         76   strncpy.o
        36          0          0          0          0         80   strstr.o
       112          0          0          0          0         88   strtol.o
        12          0          0          0          0         68   tolower.o
        12          0          0          0          0         68   toupper.o
        44          0          0          0          0         80   uidiv.o
        98          0          0          0          0         92   uldiv.o
        48          0          0          0          0         68   cdrcmple.o
       334          0          0          0          0        148   dadd.o
       222          0          0          0          0        100   ddiv.o
       186          0          0          0          0        176   depilogue.o
        62          0          0          0          0         80   dfixi.o
        48          0          0          0          0         68   dfixul.o
        34          0          0          0          0         76   dflti.o
        26          0          0          0          0         76   dfltui.o
       228          0          0          0          0         96   dmul.o
        46          0          0          0          0         80   dscalb.o
      2228         28       4152          0          0       7267   aesMatrix.o
       186          0          0          0          0       2957   aes_unwrap.o
       168          0          0          0          0       1327   aes_wrap.o
      2176         36        144          4          0      85184   ap.o
        54          0          0          0          0      29461   ap_mlme.o
      1224          0          0          0          0      55019   beacon.o
       626          0          0          0          0      30113   bss.o
       268         14          0          0         33       6858   common.o
      3972         24          0          0          0      92175   events.o
       804          4        104          0          0      54105   hostapd.o
      1452         16          0          0          0      56091   hostapd_sta_info.o
       580          0          0          0          0      55321   hostapd_wpa_driver.o
      2574          0          0          0          0      60120   ieee802_11.o
       674          0          0          0          0      28348   ieee802_11_common.o
       148          0          0          0          0      54419   ieee802_1x.o
      5452          0          0          0          0      18819   libtommath.o
      1344         54          0        136          0      70930   litepoint.o
      2396        262          0          0          0      12646   md5.o
       108          0          0          0          0       2709   os_internal.o
       384         14         32         20        148       4953   random.o
       278          0          0          0          0       5368   rc4.o
       492          4          0          0          0      25283   scan.o
       248          0          0          0          0       3210   sha1-pbkdf2.o
       382          0          0          0          0       3930   sha1.o
      4792         42          0          0          0       8559   sha1_internal.o
      1144         36        256          0          0       5725   sha256.o
       240         10          0          0          0      50232   tkip_countermeasures.o
       360         14       2048          8          0       3527   tls_rf_fft.o
      3084        104          0       2492       2048       7260   tls_rf_tx_iq.o
      1768         18          0          4          0      79846   tls_wl_bss.o
      2400         94          0        120       4196     103555   tls_wl_core.o
      3284        166          0        332          0      49774   tls_wl_hw.o
      3048         48         73         24          0      52485   tls_wl_if.o
       830          0          0          0          0      59721   tls_wl_key.o
      3204         18          0          0          0      45155   tls_wl_mgmt.o
      6072         82          0          0          0      84364   tls_wl_mlme.o
       136         18         80          0          0       1723   tls_wl_phy.o
      2840         38          0        796          0      45566   tls_wl_rc.o
      2164        152        184        532          0      13604   tls_wl_rf.o
      5104         72          6          8          0      86597   tls_wl_rx.o
       784          4          0          0          0      33227   tls_wl_scan.o
       572          6          0          0          0      32382   tls_wl_sta_info.o
      4848        116          0         20        216     106477   tls_wl_tx.o
      1188         26          0          0         33      63459   tls_wl_util.o
      4440        154          0        352       1024       9145   tx_lo_cal.o
      4948        104          0         16          0     108338   wm_wifi_api.o
      2152         40          0         28       1160      31196   wm_wifi_oneshot_api.o
      4170        110        176          0          0      44651   wpa.o
      5876        160          0          0          0      79479   wpa_auth.o
       128          0          0          0          0      32519   wpa_auth_glue.o
      1676         12          0          0          0      15431   wpa_auth_ie.o
      1372         86          0          0          0      10491   wpa_common.o
      1150          0          0          0          0      33841   wpa_driver.o
      1012         10          0          0          0      28987   wpa_ie.o
      5708        230          0         80       8704     124972   wpa_supplicant.o
       322          0          0          0          0       4310   wpabuf.o
       308          0          0          0          0      29081   wpas_glue.o

    ----------------------------------------------------------------------
    118692       3138       7937       4988      17572    2257764   Library Totals
        16          0          3          0         10          0   (incl. Padding)

    ----------------------------------------------------------------------

      Code (inc. data)   RO Data    RW Data    ZI Data      Debug   Library Name

      2496        528        546          0          0        416   libairkiss_log.lib
      5604        184        133         16          0       4088   mc_w.l
      1234          0          0          0          0        968   mf_w.l
    109342       2426       7255       4972      17562    2252292   wlan.lib

    ----------------------------------------------------------------------
    118692       3138       7937       4988      17572    2257764   Library Totals

    ----------------------------------------------------------------------

==============================================================================


      Code (inc. data)   RO Data    RW Data    ZI Data      Debug   

    313356      14854      22808       8280     188800    3887437   Grand Totals
    313356      14854      22808       4088     188800    3887437   ELF Image Totals (compressed)
    313356      14854      22808       4088          0          0   ROM Totals

==============================================================================

    Total RO  Size (Code + RO Data)               336164 ( 328.29kB)
    Total RW  Size (RW Data + ZI Data)            197080 ( 192.46kB)
    Total ROM Size (Code + RO Data + RW Data)     340252 ( 332.28kB)

==============================================================================

