<html>
<body>
<pre>
<h1>礦ision Build Log</h1>
<h2>Tool Versions:</h2>
IDE-Version: μVision V5.27.1.0
Copyright (C) 2019 ARM Ltd and ARM Germany GmbH. All rights reserved.
License Information: yi xuepai, yixuepai, LIC=DSNX7-EMDCX-ZEKH2-9AIVZ-DVAY3-791M1
 
Tool Versions:
Toolchain:       MDK-ARM Professional  Version: 5.27.1.0
Toolchain Path:  C:\Keil_v5\ARM\ARMCC\Bin
C Compiler:      Armcc.exe V5.06 update 6 (build 750)
Assembler:       Armasm.exe V5.06 update 6 (build 750)
Linker/Locator:  ArmLink.exe V5.06 update 6 (build 750)
Library Manager: ArmAr.exe V5.06 update 6 (build 750)
Hex Converter:   FromElf.exe V5.06 update 6 (build 750)
CPU DLL:         SARMCM3.DLL V5.27.1.0
Dialog DLL:      DLM.DLL V1.26.0.0
Target DLL:      Segger\JL2CM3.dll V2.99.35.0
Dialog DLL:      TLM.DLL V1.24.0.0
 
<h2>Project:</h2>
C:\project\WM_SDK_W60X_G3.02.00_dev\Tools\Keil\Project\WM_W600.uvproj
Project File Date:  09/16/2019

<h2>Output:</h2>
*** Using Compiler 'V5.06 update 6 (build 750)', folder: 'C:\Keil_v5\ARM\ARMCC\Bin'
Build target 'Flash'
compiling wm_socket_client_demo.c...
linking...
Program Size: Code=313356 RO-data=22808 RW-data=8280 ZI-data=188800  
FromELF: creating hex file...
After Build - User command #1: fromelf.exe --bin -o "C:\project\WM_SDK_W60X_G3.02.00_dev\Tools\Keil\Project\objs\WM_W600.bin" "C:\project\WM_SDK_W60X_G3.02.00_dev\Tools\Keil\Project\objs\WM_W600.axf"
After Build - User command #2: makeimg.bat
已复制         1 个文件。
已复制         1 个文件。
已复制         1 个文件。
secboot_len:4948, app_imglen:53154, total:61154
".\objs\WM_W600.axf" - 0 Error(s), 0 Warning(s).
Build Time Elapsed:  00:00:04
</pre>
</body>
</html>
